Archive member included to satisfy reference by file (symbol)

d:/programdata/gcc-arm-11.2-2022.02-mingw-w64-i686-arm-none-eabi/bin/../lib/gcc/arm-none-eabi/11.2.1/thumb/v7-m/nofp\libgcc.a(_arm_mulsf3.o)
                              CMakeFiles/STM32f103_Demo.elf.dir/Hardware/lcd.c.obj (__aeabi_fmul)
d:/programdata/gcc-arm-11.2-2022.02-mingw-w64-i686-arm-none-eabi/bin/../lib/gcc/arm-none-eabi/11.2.1/thumb/v7-m/nofp\libgcc.a(_arm_fixunssfsi.o)
                              CMakeFiles/STM32f103_Demo.elf.dir/Hardware/lcd.c.obj (__aeabi_f2uiz)
d:/programdata/gcc-arm-11.2-2022.02-mingw-w64-i686-arm-none-eabi/bin/../lib/gcc/arm-none-eabi/11.2.1/thumb/v7-m/nofp\libg.a(lib_a-errno.o)
                              CMakeFiles/STM32f103_Demo.elf.dir/Core/Src/syscalls.c.obj (__errno)
d:/programdata/gcc-arm-11.2-2022.02-mingw-w64-i686-arm-none-eabi/bin/../lib/gcc/arm-none-eabi/11.2.1/thumb/v7-m/nofp\libg.a(lib_a-exit.o)
                              d:/programdata/gcc-arm-11.2-2022.02-mingw-w64-i686-arm-none-eabi/bin/../lib/gcc/arm-none-eabi/11.2.1/thumb/v7-m/nofp/crt0.o (exit)
d:/programdata/gcc-arm-11.2-2022.02-mingw-w64-i686-arm-none-eabi/bin/../lib/gcc/arm-none-eabi/11.2.1/thumb/v7-m/nofp\libg.a(lib_a-impure.o)
                              d:/programdata/gcc-arm-11.2-2022.02-mingw-w64-i686-arm-none-eabi/bin/../lib/gcc/arm-none-eabi/11.2.1/thumb/v7-m/nofp\libg.a(lib_a-exit.o) (_global_impure_ptr)
d:/programdata/gcc-arm-11.2-2022.02-mingw-w64-i686-arm-none-eabi/bin/../lib/gcc/arm-none-eabi/11.2.1/thumb/v7-m/nofp\libg.a(lib_a-init.o)
                              d:/programdata/gcc-arm-11.2-2022.02-mingw-w64-i686-arm-none-eabi/bin/../lib/gcc/arm-none-eabi/11.2.1/thumb/v7-m/nofp/crt0.o (__libc_init_array)
d:/programdata/gcc-arm-11.2-2022.02-mingw-w64-i686-arm-none-eabi/bin/../lib/gcc/arm-none-eabi/11.2.1/thumb/v7-m/nofp\libg.a(lib_a-memcpy.o)
                              CMakeFiles/STM32f103_Demo.elf.dir/Middlewares/Third_Party/FreeRTOS/Source/CMSIS_RTOS_V2/cmsis_os2.c.obj (memcpy)
d:/programdata/gcc-arm-11.2-2022.02-mingw-w64-i686-arm-none-eabi/bin/../lib/gcc/arm-none-eabi/11.2.1/thumb/v7-m/nofp\libg.a(lib_a-memset.o)
                              d:/programdata/gcc-arm-11.2-2022.02-mingw-w64-i686-arm-none-eabi/bin/../lib/gcc/arm-none-eabi/11.2.1/thumb/v7-m/nofp/crt0.o (memset)
d:/programdata/gcc-arm-11.2-2022.02-mingw-w64-i686-arm-none-eabi/bin/../lib/gcc/arm-none-eabi/11.2.1/thumb/v7-m/nofp\libg.a(lib_a-__call_atexit.o)
                              d:/programdata/gcc-arm-11.2-2022.02-mingw-w64-i686-arm-none-eabi/bin/../lib/gcc/arm-none-eabi/11.2.1/thumb/v7-m/nofp\libg.a(lib_a-exit.o) (__call_exitprocs)

Discarded input sections

 .text          0x00000000        0x0 d:/programdata/gcc-arm-11.2-2022.02-mingw-w64-i686-arm-none-eabi/bin/../lib/gcc/arm-none-eabi/11.2.1/thumb/v7-m/nofp/crti.o
 .data          0x00000000        0x0 d:/programdata/gcc-arm-11.2-2022.02-mingw-w64-i686-arm-none-eabi/bin/../lib/gcc/arm-none-eabi/11.2.1/thumb/v7-m/nofp/crti.o
 .bss           0x00000000        0x0 d:/programdata/gcc-arm-11.2-2022.02-mingw-w64-i686-arm-none-eabi/bin/../lib/gcc/arm-none-eabi/11.2.1/thumb/v7-m/nofp/crti.o
 .text          0x00000000        0x0 d:/programdata/gcc-arm-11.2-2022.02-mingw-w64-i686-arm-none-eabi/bin/../lib/gcc/arm-none-eabi/11.2.1/thumb/v7-m/nofp/crtbegin.o
 .data          0x00000000        0x0 d:/programdata/gcc-arm-11.2-2022.02-mingw-w64-i686-arm-none-eabi/bin/../lib/gcc/arm-none-eabi/11.2.1/thumb/v7-m/nofp/crtbegin.o
 .bss           0x00000000        0x0 d:/programdata/gcc-arm-11.2-2022.02-mingw-w64-i686-arm-none-eabi/bin/../lib/gcc/arm-none-eabi/11.2.1/thumb/v7-m/nofp/crtbegin.o
 .rodata.all_implied_fbits
                0x00000000       0x24 d:/programdata/gcc-arm-11.2-2022.02-mingw-w64-i686-arm-none-eabi/bin/../lib/gcc/arm-none-eabi/11.2.1/thumb/v7-m/nofp/crtbegin.o
 .data.__dso_handle
                0x00000000        0x4 d:/programdata/gcc-arm-11.2-2022.02-mingw-w64-i686-arm-none-eabi/bin/../lib/gcc/arm-none-eabi/11.2.1/thumb/v7-m/nofp/crtbegin.o
 .text          0x00000000       0x7c d:/programdata/gcc-arm-11.2-2022.02-mingw-w64-i686-arm-none-eabi/bin/../lib/gcc/arm-none-eabi/11.2.1/thumb/v7-m/nofp/crt0.o
 .data          0x00000000        0x0 d:/programdata/gcc-arm-11.2-2022.02-mingw-w64-i686-arm-none-eabi/bin/../lib/gcc/arm-none-eabi/11.2.1/thumb/v7-m/nofp/crt0.o
 .bss           0x00000000        0x0 d:/programdata/gcc-arm-11.2-2022.02-mingw-w64-i686-arm-none-eabi/bin/../lib/gcc/arm-none-eabi/11.2.1/thumb/v7-m/nofp/crt0.o
 .ARM.extab     0x00000000        0x0 d:/programdata/gcc-arm-11.2-2022.02-mingw-w64-i686-arm-none-eabi/bin/../lib/gcc/arm-none-eabi/11.2.1/thumb/v7-m/nofp/crt0.o
 .ARM.exidx     0x00000000       0x10 d:/programdata/gcc-arm-11.2-2022.02-mingw-w64-i686-arm-none-eabi/bin/../lib/gcc/arm-none-eabi/11.2.1/thumb/v7-m/nofp/crt0.o
[...]
Memory Configuration

Name             Origin             Length             Attributes
RAM              0x20000000         0x0000c000         xrw
FLASH            0x08000000         0x00040000         xr
*default*        0x00000000         0xffffffff

Linker script and memory map

LOAD d:/programdata/gcc-arm-11.2-2022.02-mingw-w64-i686-arm-none-eabi/bin/../lib/gcc/arm-none-eabi/11.2.1/thumb/v7-m/nofp/crti.o
LOAD d:/programdata/gcc-arm-11.2-2022.02-mingw-w64-i686-arm-none-eabi/bin/../lib/gcc/arm-none-eabi/11.2.1/thumb/v7-m/nofp/crtbegin.o
LOAD d:/programdata/gcc-arm-11.2-2022.02-mingw-w64-i686-arm-none-eabi/bin/../lib/gcc/arm-none-eabi/11.2.1/thumb/v7-m/nofp/crt0.o
LOAD CMakeFiles/STM32f103_Demo.elf.dir/Core/Src/freertos.c.obj
LOAD CMakeFiles/STM32f103_Demo.elf.dir/Core/Src/main.c.obj
LOAD CMakeFiles/STM32f103_Demo.elf.dir/Core/Src/stm32f1xx_hal_msp.c.obj
LOAD CMakeFiles/STM32f103_Demo.elf.dir/Core/Src/stm32f1xx_it.c.obj
LOAD CMakeFiles/STM32f103_Demo.elf.dir/Core/Src/syscalls.c.obj
LOAD CMakeFiles/STM32f103_Demo.elf.dir/Core/Src/sysmem.c.obj
LOAD CMakeFiles/STM32f103_Demo.elf.dir/Core/Src/system_stm32f1xx.c.obj
LOAD CMakeFiles/STM32f103_Demo.elf.dir/Core/Startup/startup_stm32f103rctx.s.obj
LOAD CMakeFiles/STM32f103_Demo.elf.dir/Drivers/STM32F1xx_HAL_Driver/Src/stm32f1xx_hal.c.obj
LOAD CMakeFiles/STM32f103_Demo.elf.dir/Drivers/STM32F1xx_HAL_Driver/Src/stm32f1xx_hal_cortex.c.obj
LOAD CMakeFiles/STM32f103_Demo.elf.dir/Drivers/STM32F1xx_HAL_Driver/Src/stm32f1xx_hal_dma.c.obj
LOAD CMakeFiles/STM32f103_Demo.elf.dir/Drivers/STM32F1xx_HAL_Driver/Src/stm32f1xx_hal_exti.c.obj
LOAD CMakeFiles/STM32f103_Demo.elf.dir/Drivers/STM32F1xx_HAL_Driver/Src/stm32f1xx_hal_flash.c.obj
LOAD CMakeFiles/STM32f103_Demo.elf.dir/Drivers/STM32F1xx_HAL_Driver/Src/stm32f1xx_hal_flash_ex.c.obj
LOAD CMakeFiles/STM32f103_Demo.elf.dir/Drivers/STM32F1xx_HAL_Driver/Src/stm32f1xx_hal_gpio.c.obj
LOAD CMakeFiles/STM32f103_Demo.elf.dir/Drivers/STM32F1xx_HAL_Driver/Src/stm32f1xx_hal_gpio_ex.c.obj
LOAD CMakeFiles/STM32f103_Demo.elf.dir/Drivers/STM32F1xx_HAL_Driver/Src/stm32f1xx_hal_pwr.c.obj
LOAD CMakeFiles/STM32f103_Demo.elf.dir/Drivers/STM32F1xx_HAL_Driver/Src/stm32f1xx_hal_rcc.c.obj
LOAD CMakeFiles/STM32f103_Demo.elf.dir/Drivers/STM32F1xx_HAL_Driver/Src/stm32f1xx_hal_rcc_ex.c.obj
LOAD CMakeFiles/STM32f103_Demo.elf.dir/Drivers/STM32F1xx_HAL_Driver/Src/stm32f1xx_hal_tim.c.obj
LOAD CMakeFiles/STM32f103_Demo.elf.dir/Drivers/STM32F1xx_HAL_Driver/Src/stm32f1xx_hal_tim_ex.c.obj
LOAD CMakeFiles/STM32f103_Demo.elf.dir/Hardware/delay.c.obj
LOAD CMakeFiles/STM32f103_Demo.elf.dir/Hardware/lcd.c.obj
LOAD CMakeFiles/STM32f103_Demo.elf.dir/Hardware/lcd_init.c.obj
LOAD CMakeFiles/STM32f103_Demo.elf.dir/Hardware/sys.c.obj
LOAD CMakeFiles/STM32f103_Demo.elf.dir/Middlewares/Third_Party/FreeRTOS/Source/CMSIS_RTOS_V2/cmsis_os2.c.obj
LOAD CMakeFiles/STM32f103_Demo.elf.dir/Middlewares/Third_Party/FreeRTOS/Source/croutine.c.obj
LOAD CMakeFiles/STM32f103_Demo.elf.dir/Middlewares/Third_Party/FreeRTOS/Source/event_groups.c.obj
LOAD CMakeFiles/STM32f103_Demo.elf.dir/Middlewares/Third_Party/FreeRTOS/Source/list.c.obj
LOAD CMakeFiles/STM32f103_Demo.elf.dir/Middlewares/Third_Party/FreeRTOS/Source/portable/GCC/ARM_CM3/port.c.obj
LOAD CMakeFiles/STM32f103_Demo.elf.dir/Middlewares/Third_Party/FreeRTOS/Source/portable/MemMang/heap_4.c.obj
LOAD CMakeFiles/STM32f103_Demo.elf.dir/Middlewares/Third_Party/FreeRTOS/Source/queue.c.obj
LOAD CMakeFiles/STM32f103_Demo.elf.dir/Middlewares/Third_Party/FreeRTOS/Source/stream_buffer.c.obj
LOAD CMakeFiles/STM32f103_Demo.elf.dir/Middlewares/Third_Party/FreeRTOS/Source/tasks.c.obj
LOAD CMakeFiles/STM32f103_Demo.elf.dir/Middlewares/Third_Party/FreeRTOS/Source/timers.c.obj
LOAD CMakeFiles/STM32f103_Demo.elf.dir/Picture/leimu_1.c.obj
LOAD CMakeFiles/STM32f103_Demo.elf.dir/Picture/leimu_2.c.obj
LOAD CMakeFiles/STM32f103_Demo.elf.dir/Picture/leimu_3.c.obj
START GROUP
LOAD d:/programdata/gcc-arm-11.2-2022.02-mingw-w64-i686-arm-none-eabi/bin/../lib/gcc/arm-none-eabi/11.2.1/thumb/v7-m/nofp\libgcc.a
LOAD d:/programdata/gcc-arm-11.2-2022.02-mingw-w64-i686-arm-none-eabi/bin/../lib/gcc/arm-none-eabi/11.2.1/thumb/v7-m/nofp\libg.a
LOAD d:/programdata/gcc-arm-11.2-2022.02-mingw-w64-i686-arm-none-eabi/bin/../lib/gcc/arm-none-eabi/11.2.1/thumb/v7-m/nofp\libc.a
END GROUP
LOAD d:/programdata/gcc-arm-11.2-2022.02-mingw-w64-i686-arm-none-eabi/bin/../lib/gcc/arm-none-eabi/11.2.1/thumb/v7-m/nofp/crtend.o
LOAD d:/programdata/gcc-arm-11.2-2022.02-mingw-w64-i686-arm-none-eabi/bin/../lib/gcc/arm-none-eabi/11.2.1/thumb/v7-m/nofp/crtn.o
                0x2000c000                _estack = (ORIGIN (RAM) + LENGTH (RAM))
                0x00001000                _Min_Heap_Size = 0x1000
                0x00001000                _Min_Stack_Size = 0x1000

.isr_vector     0x08000000      0x1e4
                0x08000000                . = ALIGN (0x4)
 *(.isr_vector)
 .isr_vector    0x08000000      0x1e4 CMakeFiles/STM32f103_Demo.elf.dir/Core/Startup/startup_stm32f103rctx.s.obj
                0x08000000                g_pfnVectors
                0x080001e4                . = ALIGN (0x4)

.text           0x080001f0     0x3334
                0x080001f0                . = ALIGN (0x4)
 *(.text)
 .text          0x080001f0       0xec d:/programdata/gcc-arm-11.2-2022.02-mingw-w64-i686-arm-none-eabi/bin/../lib/gcc/arm-none-eabi/11.2.1/thumb/v7-m/nofp\libg.a(lib_a-memcpy.o)
                0x080001f0                memcpy
 *(.text*)
 .text.deregister_tm_clones
                0x080002dc       0x1c d:/programdata/gcc-arm-11.2-2022.02-mingw-w64-i686-arm-none-eabi/bin/../lib/gcc/arm-none-eabi/11.2.1/thumb/v7-m/nofp/crtbegin.o
 .text.register_tm_clones
                0x080002f8       0x24 d:/programdata/gcc-arm-11.2-2022.02-mingw-w64-i686-arm-none-eabi/bin/../lib/gcc/arm-none-eabi/11.2.1/thumb/v7-m/nofp/crtbegin.o
 .text.__do_global_dtors_aux
                0x0800031c       0x28 d:/programdata/gcc-arm-11.2-2022.02-mingw-w64-i686-arm-none-eabi/bin/../lib/gcc/arm-none-eabi/11.2.1/thumb/v7-m/nofp/crtbegin.o
 .text.frame_dummy
                0x08000344       0x24 d:/programdata/gcc-arm-11.2-2022.02-mingw-w64-i686-arm-none-eabi/bin/../lib/gcc/arm-none-eabi/11.2.1/thumb/v7-m/nofp/crtbegin.o
 .text.MX_GPIO_Init
                0x08000368       0xe0 CMakeFiles/STM32f103_Demo.elf.dir/Core/Src/main.c.obj
 .text.StartDefaultTask
                0x08000448       0xa4 CMakeFiles/STM32f103_Demo.elf.dir/Core/Src/main.c.obj
                0x08000448                StartDefaultTask
 .text.Error_Handler
                0x080004ec        0x4 CMakeFiles/STM32f103_Demo.elf.dir/Core/Src/main.c.obj
                0x080004ec                Error_Handler
 .text.SystemClock_Config
                0x080004f0       0x64 CMakeFiles/STM32f103_Demo.elf.dir/Core/Src/main.c.obj
                0x080004f0                SystemClock_Config
 .text.main     0x08000554       0x34 CMakeFiles/STM32f103_Demo.elf.dir/Core/Src/main.c.obj
                0x08000554                main
 .text.HAL_MspInit
                0x08000588       0x54 CMakeFiles/STM32f103_Demo.elf.dir/Core/Src/stm32f1xx_hal_msp.c.obj
                0x08000588                HAL_MspInit
 .text.NMI_Handler
                0x080005dc        0x2 CMakeFiles/STM32f103_Demo.elf.dir/Core/Src/stm32f1xx_it.c.obj
                0x080005dc                NMI_Handler
 .text.HardFault_Handler
                0x080005de        0x2 CMakeFiles/STM32f103_Demo.elf.dir/Core/Src/stm32f1xx_it.c.obj
                0x080005de                HardFault_Handler
 .text.MemManage_Handler
                0x080005e0        0x2 CMakeFiles/STM32f103_Demo.elf.dir/Core/Src/stm32f1xx_it.c.obj
                0x080005e0                MemManage_Handler
 .text.BusFault_Handler
                0x080005e2        0x2 CMakeFiles/STM32f103_Demo.elf.dir/Core/Src/stm32f1xx_it.c.obj
                0x080005e2                BusFault_Handler
 .text.UsageFault_Handler
                0x080005e4        0x2 CMakeFiles/STM32f103_Demo.elf.dir/Core/Src/stm32f1xx_it.c.obj
                0x080005e4                UsageFault_Handler
 .text.DebugMon_Handler
                0x080005e6        0x2 CMakeFiles/STM32f103_Demo.elf.dir/Core/Src/stm32f1xx_it.c.obj
                0x080005e6                DebugMon_Handler
 .text.SysTick_Handler
                0x080005e8       0x16 CMakeFiles/STM32f103_Demo.elf.dir/Core/Src/stm32f1xx_it.c.obj
                0x080005e8                SysTick_Handler
 .text.SystemInit
                0x080005fe        0x2 CMakeFiles/STM32f103_Demo.elf.dir/Core/Src/system_stm32f1xx.c.obj
                0x080005fe                SystemInit
 .text.Reset_Handler
                0x08000600       0x48 CMakeFiles/STM32f103_Demo.elf.dir/Core/Startup/startup_stm32f103rctx.s.obj
                0x08000600                Reset_Handler
 .text.Default_Handler
                0x08000648        0x2 CMakeFiles/STM32f103_Demo.elf.dir/Core/Startup/startup_stm32f103rctx.s.obj
                0x08000648                RTC_Alarm_IRQHandler
                0x08000648                EXTI2_IRQHandler
                0x08000648                TIM8_TRG_COM_IRQHandler
                0x08000648                TIM8_CC_IRQHandler
                0x08000648                TIM1_CC_IRQHandler
                0x08000648                TIM6_IRQHandler
                0x08000648                PVD_IRQHandler
                0x08000648                SDIO_IRQHandler
                0x08000648                EXTI3_IRQHandler
                0x08000648                EXTI0_IRQHandler
                0x08000648                I2C2_EV_IRQHandler
                0x08000648                ADC1_2_IRQHandler
                0x08000648                SPI1_IRQHandler
                0x08000648                TAMPER_IRQHandler
                0x08000648                TIM8_UP_IRQHandler
                0x08000648                DMA2_Channel2_IRQHandler
                0x08000648                DMA1_Channel4_IRQHandler
                0x08000648                USART3_IRQHandler
                0x08000648                RTC_IRQHandler
                0x08000648                DMA1_Channel7_IRQHandler
                0x08000648                CAN1_RX1_IRQHandler
                0x08000648                UART5_IRQHandler
                0x08000648                ADC3_IRQHandler
                0x08000648                TIM4_IRQHandler
                0x08000648                DMA2_Channel1_IRQHandler
                0x08000648                I2C1_EV_IRQHandler
                0x08000648                DMA1_Channel6_IRQHandler
                0x08000648                UART4_IRQHandler
                0x08000648                TIM3_IRQHandler
                0x08000648                RCC_IRQHandler
                0x08000648                TIM1_TRG_COM_IRQHandler
                0x08000648                DMA1_Channel1_IRQHandler
                0x08000648                Default_Handler
                0x08000648                EXTI15_10_IRQHandler
                0x08000648                TIM7_IRQHandler
                0x08000648                TIM5_IRQHandler
                0x08000648                EXTI9_5_IRQHandler
                0x08000648                SPI2_IRQHandler
                0x08000648                DMA1_Channel5_IRQHandler
                0x08000648                EXTI4_IRQHandler
                0x08000648                USB_LP_CAN1_RX0_IRQHandler
                0x08000648                USB_HP_CAN1_TX_IRQHandler
                0x08000648                DMA1_Channel3_IRQHandler
                0x08000648                FSMC_IRQHandler
                0x08000648                TIM1_UP_IRQHandler
                0x08000648                WWDG_IRQHandler
                0x08000648                TIM2_IRQHandler
                0x08000648                TIM1_BRK_IRQHandler
                0x08000648                EXTI1_IRQHandler
                0x08000648                DMA2_Channel4_5_IRQHandler
                0x08000648                USART2_IRQHandler
                0x08000648                I2C2_ER_IRQHandler
                0x08000648                DMA1_Channel2_IRQHandler
                0x08000648                TIM8_BRK_IRQHandler
                0x08000648                CAN1_SCE_IRQHandler
                0x08000648                FLASH_IRQHandler
                0x08000648                USART1_IRQHandler
                0x08000648                SPI3_IRQHandler
                0x08000648                I2C1_ER_IRQHandler
                0x08000648                USBWakeUp_IRQHandler
                0x08000648                DMA2_Channel3_IRQHandler
 *fill*         0x0800064a        0x2 
 .text.HAL_InitTick
                0x0800064c       0x4c CMakeFiles/STM32f103_Demo.elf.dir/Drivers/STM32F1xx_HAL_Driver/Src/stm32f1xx_hal.c.obj
                0x0800064c                HAL_InitTick
 .text.HAL_Init
                0x08000698       0x24 CMakeFiles/STM32f103_Demo.elf.dir/Drivers/STM32F1xx_HAL_Driver/Src/stm32f1xx_hal.c.obj
                0x08000698                HAL_Init
 .text.HAL_IncTick
                0x080006bc       0x18 CMakeFiles/STM32f103_Demo.elf.dir/Drivers/STM32F1xx_HAL_Driver/Src/stm32f1xx_hal.c.obj
                0x080006bc                HAL_IncTick
 .text.HAL_GetTick
                0x080006d4        0xc CMakeFiles/STM32f103_Demo.elf.dir/Drivers/STM32F1xx_HAL_Driver/Src/stm32f1xx_hal.c.obj
                0x080006d4                HAL_GetTick
 .text.HAL_NVIC_SetPriorityGrouping
                0x080006e0       0x24 CMakeFiles/STM32f103_Demo.elf.dir/Drivers/STM32F1xx_HAL_Driver/Src/stm32f1xx_hal_cortex.c.obj
                0x080006e0                HAL_NVIC_SetPriorityGrouping
 .text.HAL_NVIC_SetPriority
                0x08000704       0x70 CMakeFiles/STM32f103_Demo.elf.dir/Drivers/STM32F1xx_HAL_Driver/Src/stm32f1xx_hal_cortex.c.obj
                0x08000704                HAL_NVIC_SetPriority
 .text.HAL_SYSTICK_Config
                0x08000774       0x28 CMakeFiles/STM32f103_Demo.elf.dir/Drivers/STM32F1xx_HAL_Driver/Src/stm32f1xx_hal_cortex.c.obj
                0x08000774                HAL_SYSTICK_Config
 .text.HAL_GPIO_Init
                0x0800079c      0x240 CMakeFiles/STM32f103_Demo.elf.dir/Drivers/STM32F1xx_HAL_Driver/Src/stm32f1xx_hal_gpio.c.obj
                0x0800079c                HAL_GPIO_Init
 .text.HAL_GPIO_WritePin
                0x080009dc        0xc CMakeFiles/STM32f103_Demo.elf.dir/Drivers/STM32F1xx_HAL_Driver/Src/stm32f1xx_hal_gpio.c.obj
                0x080009dc                HAL_GPIO_WritePin
 .text.RCC_Delay
                0x080009e8       0x2c CMakeFiles/STM32f103_Demo.elf.dir/Drivers/STM32F1xx_HAL_Driver/Src/stm32f1xx_hal_rcc.c.obj
 .text.HAL_RCC_OscConfig
                0x08000a14      0x410 CMakeFiles/STM32f103_Demo.elf.dir/Drivers/STM32F1xx_HAL_Driver/Src/stm32f1xx_hal_rcc.c.obj
                0x08000a14                HAL_RCC_OscConfig
 .text.HAL_RCC_GetSysClockFreq
                0x08000e24       0x70 CMakeFiles/STM32f103_Demo.elf.dir/Drivers/STM32F1xx_HAL_Driver/Src/stm32f1xx_hal_rcc.c.obj
                0x08000e24                HAL_RCC_GetSysClockFreq
 .text.HAL_RCC_ClockConfig
                0x08000e94      0x16c CMakeFiles/STM32f103_Demo.elf.dir/Drivers/STM32F1xx_HAL_Driver/Src/stm32f1xx_hal_rcc.c.obj
                0x08000e94                HAL_RCC_ClockConfig
 .text.LCD_DrawPoint
                0x08001000       0x14 CMakeFiles/STM32f103_Demo.elf.dir/Hardware/lcd.c.obj
                0x08001000                LCD_DrawPoint
 .text.LCD_ShowChar
                0x08001014      0x190 CMakeFiles/STM32f103_Demo.elf.dir/Hardware/lcd.c.obj
                0x08001014                LCD_ShowChar
 .text.LCD_ShowString
                0x080011a4       0x44 CMakeFiles/STM32f103_Demo.elf.dir/Hardware/lcd.c.obj
                0x080011a4                LCD_ShowString
 .text.LCD_ShowPicture
                0x080011e8       0x54 CMakeFiles/STM32f103_Demo.elf.dir/Hardware/lcd.c.obj
                0x080011e8                LCD_ShowPicture
 .text.LCD_Writ_Bus
                0x0800123c       0x6c CMakeFiles/STM32f103_Demo.elf.dir/Hardware/lcd_init.c.obj
                0x0800123c                LCD_Writ_Bus
 .text.LCD_WR_DATA8
                0x080012a8        0x8 CMakeFiles/STM32f103_Demo.elf.dir/Hardware/lcd_init.c.obj
                0x080012a8                LCD_WR_DATA8
 .text.LCD_WR_DATA
                0x080012b0       0x12 CMakeFiles/STM32f103_Demo.elf.dir/Hardware/lcd_init.c.obj
                0x080012b0                LCD_WR_DATA
 *fill*         0x080012c2        0x2 
 .text.LCD_WR_REG
                0x080012c4       0x28 CMakeFiles/STM32f103_Demo.elf.dir/Hardware/lcd_init.c.obj
                0x080012c4                LCD_WR_REG
 .text.LCD_Address_Set
                0x080012ec       0x36 CMakeFiles/STM32f103_Demo.elf.dir/Hardware/lcd_init.c.obj
                0x080012ec                LCD_Address_Set
 *fill*         0x08001322        0x2 
 .text.LCD_Init
                0x08001324      0x4d4 CMakeFiles/STM32f103_Demo.elf.dir/Hardware/lcd_init.c.obj
                0x08001324                LCD_Init
 .text.osKernelInitialize
                0x080017f8       0x44 CMakeFiles/STM32f103_Demo.elf.dir/Middlewares/Third_Party/FreeRTOS/Source/CMSIS_RTOS_V2/cmsis_os2.c.obj
                0x080017f8                osKernelInitialize
 .text.osKernelStart
                0x0800183c       0x4c CMakeFiles/STM32f103_Demo.elf.dir/Middlewares/Third_Party/FreeRTOS/Source/CMSIS_RTOS_V2/cmsis_os2.c.obj
                0x0800183c                osKernelStart
 .text.osThreadNew
                0x08001888       0xec CMakeFiles/STM32f103_Demo.elf.dir/Middlewares/Third_Party/FreeRTOS/Source/CMSIS_RTOS_V2/cmsis_os2.c.obj
                0x08001888                osThreadNew
 .text.osDelay  0x08001974       0x44 CMakeFiles/STM32f103_Demo.elf.dir/Middlewares/Third_Party/FreeRTOS/Source/CMSIS_RTOS_V2/cmsis_os2.c.obj
                0x08001974                osDelay
 .text.vApplicationGetIdleTaskMemory
                0x080019b8       0x18 CMakeFiles/STM32f103_Demo.elf.dir/Middlewares/Third_Party/FreeRTOS/Source/CMSIS_RTOS_V2/cmsis_os2.c.obj
                0x080019b8                vApplicationGetIdleTaskMemory
 .text.vApplicationGetTimerTaskMemory
                0x080019d0       0x18 CMakeFiles/STM32f103_Demo.elf.dir/Middlewares/Third_Party/FreeRTOS/Source/CMSIS_RTOS_V2/cmsis_os2.c.obj
                0x080019d0                vApplicationGetTimerTaskMemory
 .text.vListInitialise
                0x080019e8       0x16 CMakeFiles/STM32f103_Demo.elf.dir/Middlewares/Third_Party/FreeRTOS/Source/list.c.obj
                0x080019e8                vListInitialise
 .text.vListInitialiseItem
                0x080019fe        0x6 CMakeFiles/STM32f103_Demo.elf.dir/Middlewares/Third_Party/FreeRTOS/Source/list.c.obj
                0x080019fe                vListInitialiseItem
 .text.vListInsertEnd
                0x08001a04       0x16 CMakeFiles/STM32f103_Demo.elf.dir/Middlewares/Third_Party/FreeRTOS/Source/list.c.obj
                0x08001a04                vListInsertEnd
 .text.vListInsert
                0x08001a1a       0x32 CMakeFiles/STM32f103_Demo.elf.dir/Middlewares/Third_Party/FreeRTOS/Source/list.c.obj
                0x08001a1a                vListInsert
 .text.uxListRemove
                0x08001a4c       0x26 CMakeFiles/STM32f103_Demo.elf.dir/Middlewares/Third_Party/FreeRTOS/Source/list.c.obj
                0x08001a4c                uxListRemove
 *fill*         0x08001a72        0x2 
 .text.prvTaskExitError
                0x08001a74       0x40 CMakeFiles/STM32f103_Demo.elf.dir/Middlewares/Third_Party/FreeRTOS/Source/portable/GCC/ARM_CM3/port.c.obj
 .text.prvPortStartFirstTask
                0x08001ab4       0x20 CMakeFiles/STM32f103_Demo.elf.dir/Middlewares/Third_Party/FreeRTOS/Source/portable/GCC/ARM_CM3/port.c.obj
 .text.pxPortInitialiseStack
                0x08001ad4       0x24 CMakeFiles/STM32f103_Demo.elf.dir/Middlewares/Third_Party/FreeRTOS/Source/portable/GCC/ARM_CM3/port.c.obj
                0x08001ad4                pxPortInitialiseStack
 *fill*         0x08001af8        0x8 
 .text.SVC_Handler
                0x08001b00       0x24 CMakeFiles/STM32f103_Demo.elf.dir/Middlewares/Third_Party/FreeRTOS/Source/portable/GCC/ARM_CM3/port.c.obj
                0x08001b00                SVC_Handler
 .text.vPortEnterCritical
                0x08001b24       0x44 CMakeFiles/STM32f103_Demo.elf.dir/Middlewares/Third_Party/FreeRTOS/Source/portable/GCC/ARM_CM3/port.c.obj
                0x08001b24                vPortEnterCritical
 .text.vPortExitCritical
                0x08001b68       0x2c CMakeFiles/STM32f103_Demo.elf.dir/Middlewares/Third_Party/FreeRTOS/Source/portable/GCC/ARM_CM3/port.c.obj
                0x08001b68                vPortExitCritical
 *fill*         0x08001b94        0xc 
 .text.PendSV_Handler
                0x08001ba0       0x44 CMakeFiles/STM32f103_Demo.elf.dir/Middlewares/Third_Party/FreeRTOS/Source/portable/GCC/ARM_CM3/port.c.obj
                0x08001ba0                PendSV_Handler
 .text.xPortSysTickHandler
                0x08001be4       0x2c CMakeFiles/STM32f103_Demo.elf.dir/Middlewares/Third_Party/FreeRTOS/Source/portable/GCC/ARM_CM3/port.c.obj
                0x08001be4                xPortSysTickHandler
 .text.vPortSetupTimerInterrupt
                0x08001c10       0x28 CMakeFiles/STM32f103_Demo.elf.dir/Middlewares/Third_Party/FreeRTOS/Source/portable/GCC/ARM_CM3/port.c.obj
                0x08001c10                vPortSetupTimerInterrupt
 .text.xPortStartScheduler
                0x08001c38       0xc0 CMakeFiles/STM32f103_Demo.elf.dir/Middlewares/Third_Party/FreeRTOS/Source/portable/GCC/ARM_CM3/port.c.obj
                0x08001c38                xPortStartScheduler
 .text.vPortValidateInterruptPriority
                0x08001cf8       0x5c CMakeFiles/STM32f103_Demo.elf.dir/Middlewares/Third_Party/FreeRTOS/Source/portable/GCC/ARM_CM3/port.c.obj
                0x08001cf8                vPortValidateInterruptPriority
 .text.prvHeapInit
                0x08001d54       0x64 CMakeFiles/STM32f103_Demo.elf.dir/Middlewares/Third_Party/FreeRTOS/Source/portable/MemMang/heap_4.c.obj
 .text.prvInsertBlockIntoFreeList
                0x08001db8       0x60 CMakeFiles/STM32f103_Demo.elf.dir/Middlewares/Third_Party/FreeRTOS/Source/portable/MemMang/heap_4.c.obj
 .text.pvPortMalloc
                0x08001e18       0xf0 CMakeFiles/STM32f103_Demo.elf.dir/Middlewares/Third_Party/FreeRTOS/Source/portable/MemMang/heap_4.c.obj
                0x08001e18                pvPortMalloc
 .text.vPortFree
                0x08001f08       0x70 CMakeFiles/STM32f103_Demo.elf.dir/Middlewares/Third_Party/FreeRTOS/Source/portable/MemMang/heap_4.c.obj
                0x08001f08                vPortFree
 .text.prvIsQueueFull
                0x08001f78       0x1e CMakeFiles/STM32f103_Demo.elf.dir/Middlewares/Third_Party/FreeRTOS/Source/queue.c.obj
 .text.prvIsQueueEmpty
                0x08001f96       0x1a CMakeFiles/STM32f103_Demo.elf.dir/Middlewares/Third_Party/FreeRTOS/Source/queue.c.obj
 .text.prvCopyDataToQueue
                0x08001fb0       0x76 CMakeFiles/STM32f103_Demo.elf.dir/Middlewares/Third_Party/FreeRTOS/Source/queue.c.obj
 .text.prvCopyDataFromQueue
                0x08002026       0x24 CMakeFiles/STM32f103_Demo.elf.dir/Middlewares/Third_Party/FreeRTOS/Source/queue.c.obj
 .text.prvUnlockQueue
                0x0800204a       0x6e CMakeFiles/STM32f103_Demo.elf.dir/Middlewares/Third_Party/FreeRTOS/Source/queue.c.obj
 .text.xQueueGenericReset
                0x080020b8       0x84 CMakeFiles/STM32f103_Demo.elf.dir/Middlewares/Third_Party/FreeRTOS/Source/queue.c.obj
                0x080020b8                xQueueGenericReset
 .text.prvInitialiseNewQueue
                0x0800213c       0x22 CMakeFiles/STM32f103_Demo.elf.dir/Middlewares/Third_Party/FreeRTOS/Source/queue.c.obj
 .text.xQueueGenericCreateStatic
                0x0800215e       0x92 CMakeFiles/STM32f103_Demo.elf.dir/Middlewares/Third_Party/FreeRTOS/Source/queue.c.obj
                0x0800215e                xQueueGenericCreateStatic
 .text.xQueueGenericSend
                0x080021f0      0x188 CMakeFiles/STM32f103_Demo.elf.dir/Middlewares/Third_Party/FreeRTOS/Source/queue.c.obj
                0x080021f0                xQueueGenericSend
 .text.xQueueGenericSendFromISR
                0x08002378       0xcc CMakeFiles/STM32f103_Demo.elf.dir/Middlewares/Third_Party/FreeRTOS/Source/queue.c.obj
                0x08002378                xQueueGenericSendFromISR
 .text.xQueueReceive
                0x08002444      0x15e CMakeFiles/STM32f103_Demo.elf.dir/Middlewares/Third_Party/FreeRTOS/Source/queue.c.obj
                0x08002444                xQueueReceive
 *fill*         0x080025a2        0x2 
 .text.vQueueAddToRegistry
                0x080025a4       0x28 CMakeFiles/STM32f103_Demo.elf.dir/Middlewares/Third_Party/FreeRTOS/Source/queue.c.obj
                0x080025a4                vQueueAddToRegistry
 .text.vQueueWaitForMessageRestricted
                0x080025cc       0x52 CMakeFiles/STM32f103_Demo.elf.dir/Middlewares/Third_Party/FreeRTOS/Source/queue.c.obj
                0x080025cc                vQueueWaitForMessageRestricted
 *fill*         0x0800261e        0x2 
 .text.prvResetNextTaskUnblockTime
                0x08002620       0x2c CMakeFiles/STM32f103_Demo.elf.dir/Middlewares/Third_Party/FreeRTOS/Source/tasks.c.obj
 .text.prvInitialiseNewTask
                0x0800264c       0x98 CMakeFiles/STM32f103_Demo.elf.dir/Middlewares/Third_Party/FreeRTOS/Source/tasks.c.obj
 .text.prvInitialiseTaskLists
                0x080026e4       0x68 CMakeFiles/STM32f103_Demo.elf.dir/Middlewares/Third_Party/FreeRTOS/Source/tasks.c.obj
 .text.prvAddNewTaskToReadyList
                0x0800274c       0xac CMakeFiles/STM32f103_Demo.elf.dir/Middlewares/Third_Party/FreeRTOS/Source/tasks.c.obj
 .text.prvDeleteTCB
                0x080027f8       0x38 CMakeFiles/STM32f103_Demo.elf.dir/Middlewares/Third_Party/FreeRTOS/Source/tasks.c.obj
 .text.prvCheckTasksWaitingTermination
                0x08002830       0x4c CMakeFiles/STM32f103_Demo.elf.dir/Middlewares/Third_Party/FreeRTOS/Source/tasks.c.obj
 .text.prvIdleTask
                0x0800287c       0x28 CMakeFiles/STM32f103_Demo.elf.dir/Middlewares/Third_Party/FreeRTOS/Source/tasks.c.obj
 .text.prvAddCurrentTaskToDelayedList
                0x080028a4       0x7c CMakeFiles/STM32f103_Demo.elf.dir/Middlewares/Third_Party/FreeRTOS/Source/tasks.c.obj
 .text.xTaskCreateStatic
                0x08002920       0x74 CMakeFiles/STM32f103_Demo.elf.dir/Middlewares/Third_Party/FreeRTOS/Source/tasks.c.obj
                0x08002920                xTaskCreateStatic
 .text.xTaskCreate
                0x08002994       0x68 CMakeFiles/STM32f103_Demo.elf.dir/Middlewares/Third_Party/FreeRTOS/Source/tasks.c.obj
                0x08002994                xTaskCreate
 .text.vTaskStartScheduler
                0x080029fc       0x9c CMakeFiles/STM32f103_Demo.elf.dir/Middlewares/Third_Party/FreeRTOS/Source/tasks.c.obj
                0x080029fc                vTaskStartScheduler
 .text.vTaskSuspendAll
                0x08002a98       0x10 CMakeFiles/STM32f103_Demo.elf.dir/Middlewares/Third_Party/FreeRTOS/Source/tasks.c.obj
                0x08002a98                vTaskSuspendAll
 .text.xTaskGetTickCount
                0x08002aa8        0xc CMakeFiles/STM32f103_Demo.elf.dir/Middlewares/Third_Party/FreeRTOS/Source/tasks.c.obj
                0x08002aa8                xTaskGetTickCount
 .text.xTaskIncrementTick
                0x08002ab4      0x118 CMakeFiles/STM32f103_Demo.elf.dir/Middlewares/Third_Party/FreeRTOS/Source/tasks.c.obj
                0x08002ab4                xTaskIncrementTick
 .text.xTaskResumeAll
                0x08002bcc       0xf8 CMakeFiles/STM32f103_Demo.elf.dir/Middlewares/Third_Party/FreeRTOS/Source/tasks.c.obj
                0x08002bcc                xTaskResumeAll
 .text.vTaskDelay
                0x08002cc4       0x4c CMakeFiles/STM32f103_Demo.elf.dir/Middlewares/Third_Party/FreeRTOS/Source/tasks.c.obj
                0x08002cc4                vTaskDelay
 .text.vTaskSwitchContext
                0x08002d10       0x94 CMakeFiles/STM32f103_Demo.elf.dir/Middlewares/Third_Party/FreeRTOS/Source/tasks.c.obj
                0x08002d10                vTaskSwitchContext
 .text.vTaskPlaceOnEventList
                0x08002da4       0x30 CMakeFiles/STM32f103_Demo.elf.dir/Middlewares/Third_Party/FreeRTOS/Source/tasks.c.obj
                0x08002da4                vTaskPlaceOnEventList
 .text.vTaskPlaceOnEventListRestricted
                0x08002dd4       0x38 CMakeFiles/STM32f103_Demo.elf.dir/Middlewares/Third_Party/FreeRTOS/Source/tasks.c.obj
                0x08002dd4                vTaskPlaceOnEventListRestricted
 .text.xTaskRemoveFromEventList
                0x08002e0c       0x8c CMakeFiles/STM32f103_Demo.elf.dir/Middlewares/Third_Party/FreeRTOS/Source/tasks.c.obj
                0x08002e0c                xTaskRemoveFromEventList
 .text.vTaskInternalSetTimeOutState
                0x08002e98       0x18 CMakeFiles/STM32f103_Demo.elf.dir/Middlewares/Third_Party/FreeRTOS/Source/tasks.c.obj
                0x08002e98                vTaskInternalSetTimeOutState
 .text.xTaskCheckForTimeOut
                0x08002eb0       0x84 CMakeFiles/STM32f103_Demo.elf.dir/Middlewares/Third_Party/FreeRTOS/Source/tasks.c.obj
                0x08002eb0                xTaskCheckForTimeOut
 .text.vTaskMissedYield
                0x08002f34        0xc CMakeFiles/STM32f103_Demo.elf.dir/Middlewares/Third_Party/FreeRTOS/Source/tasks.c.obj
                0x08002f34                vTaskMissedYield
 .text.xTaskGetSchedulerState
                0x08002f40       0x20 CMakeFiles/STM32f103_Demo.elf.dir/Middlewares/Third_Party/FreeRTOS/Source/tasks.c.obj
                0x08002f40                xTaskGetSchedulerState
 .text.xTaskPriorityDisinherit
                0x08002f60       0x90 CMakeFiles/STM32f103_Demo.elf.dir/Middlewares/Third_Party/FreeRTOS/Source/tasks.c.obj
                0x08002f60                xTaskPriorityDisinherit
 .text.prvGetNextExpireTime
                0x08002ff0       0x20 CMakeFiles/STM32f103_Demo.elf.dir/Middlewares/Third_Party/FreeRTOS/Source/timers.c.obj
 .text.prvInsertTimerInActiveList
                0x08003010       0x48 CMakeFiles/STM32f103_Demo.elf.dir/Middlewares/Third_Party/FreeRTOS/Source/timers.c.obj
 .text.prvCheckForValidListAndQueue
                0x08003058       0x70 CMakeFiles/STM32f103_Demo.elf.dir/Middlewares/Third_Party/FreeRTOS/Source/timers.c.obj
 .text.xTimerCreateTimerTask
                0x080030c8       0x64 CMakeFiles/STM32f103_Demo.elf.dir/Middlewares/Third_Party/FreeRTOS/Source/timers.c.obj
                0x080030c8                xTimerCreateTimerTask
 .text.xTimerGenericCommand
                0x0800312c       0x6c CMakeFiles/STM32f103_Demo.elf.dir/Middlewares/Third_Party/FreeRTOS/Source/timers.c.obj
                0x0800312c                xTimerGenericCommand
 .text.prvSwitchTimerLists
                0x08003198       0x78 CMakeFiles/STM32f103_Demo.elf.dir/Middlewares/Third_Party/FreeRTOS/Source/timers.c.obj
 .text.prvSampleTimeNow
                0x08003210       0x2c CMakeFiles/STM32f103_Demo.elf.dir/Middlewares/Third_Party/FreeRTOS/Source/timers.c.obj
 .text.prvProcessExpiredTimer
                0x0800323c       0x60 CMakeFiles/STM32f103_Demo.elf.dir/Middlewares/Third_Party/FreeRTOS/Source/timers.c.obj
 .text.prvProcessTimerOrBlockTask
                0x0800329c       0x74 CMakeFiles/STM32f103_Demo.elf.dir/Middlewares/Third_Party/FreeRTOS/Source/timers.c.obj
 .text.prvProcessReceivedCommands
                0x08003310       0xf8 CMakeFiles/STM32f103_Demo.elf.dir/Middlewares/Third_Party/FreeRTOS/Source/timers.c.obj
 .text.prvTimerTask
                0x08003408       0x16 CMakeFiles/STM32f103_Demo.elf.dir/Middlewares/Third_Party/FreeRTOS/Source/timers.c.obj
 *fill*         0x0800341e        0x2 
 .text.__libc_init_array
                0x08003420       0x48 d:/programdata/gcc-arm-11.2-2022.02-mingw-w64-i686-arm-none-eabi/bin/../lib/gcc/arm-none-eabi/11.2.1/thumb/v7-m/nofp\libg.a(lib_a-init.o)
                0x08003420                __libc_init_array
 .text.memset   0x08003468       0xa4 d:/programdata/gcc-arm-11.2-2022.02-mingw-w64-i686-arm-none-eabi/bin/../lib/gcc/arm-none-eabi/11.2.1/thumb/v7-m/nofp\libg.a(lib_a-memset.o)
                0x08003468                memset
 *(.glue_7)
 .glue_7        0x0800350c        0x0 linker stubs
 *(.glue_7t)
 .glue_7t       0x0800350c        0x0 linker stubs
 *(.eh_frame)
 .eh_frame      0x0800350c        0x0 d:/programdata/gcc-arm-11.2-2022.02-mingw-w64-i686-arm-none-eabi/bin/../lib/gcc/arm-none-eabi/11.2.1/thumb/v7-m/nofp/crtbegin.o
 *(.init)
 .init          0x0800350c        0x4 d:/programdata/gcc-arm-11.2-2022.02-mingw-w64-i686-arm-none-eabi/bin/../lib/gcc/arm-none-eabi/11.2.1/thumb/v7-m/nofp/crti.o
                0x0800350c                _init
 .init          0x08003510        0x8 d:/programdata/gcc-arm-11.2-2022.02-mingw-w64-i686-arm-none-eabi/bin/../lib/gcc/arm-none-eabi/11.2.1/thumb/v7-m/nofp/crtn.o
 *(.fini)
 .fini          0x08003518        0x4 d:/programdata/gcc-arm-11.2-2022.02-mingw-w64-i686-arm-none-eabi/bin/../lib/gcc/arm-none-eabi/11.2.1/thumb/v7-m/nofp/crti.o
                0x08003518                _fini
 .fini          0x0800351c        0x8 d:/programdata/gcc-arm-11.2-2022.02-mingw-w64-i686-arm-none-eabi/bin/../lib/gcc/arm-none-eabi/11.2.1/thumb/v7-m/nofp/crtn.o
                0x08003524                . = ALIGN (0x4)
                0x08003524                _etext = .

.vfp11_veneer   0x08003524        0x0
 .vfp11_veneer  0x08003524        0x0 linker stubs

.v4_bx          0x08003524        0x0
 .v4_bx         0x08003524        0x0 linker stubs

.iplt           0x08003524        0x0
 .iplt          0x08003524        0x0 d:/programdata/gcc-arm-11.2-2022.02-mingw-w64-i686-arm-none-eabi/bin/../lib/gcc/arm-none-eabi/11.2.1/thumb/v7-m/nofp/crtbegin.o

.rodata         0x08003524    0x3b86c
                0x08003524                . = ALIGN (0x4)
 *(.rodata)
 *(.rodata*)
 .rodata.StartDefaultTask.str1.4
                0x08003524        0xc CMakeFiles/STM32f103_Demo.elf.dir/Core/Src/main.c.obj
 .rodata.str1.4
                0x08003530        0xa CMakeFiles/STM32f103_Demo.elf.dir/Core/Src/main.c.obj
 *fill*         0x0800353a        0x2 
 .rodata.startTask_attributes
                0x0800353c       0x24 CMakeFiles/STM32f103_Demo.elf.dir/Core/Src/main.c.obj
                0x0800353c                startTask_attributes
 .rodata.AHBPrescTable
                0x08003560       0x10 CMakeFiles/STM32f103_Demo.elf.dir/Core/Src/system_stm32f1xx.c.obj
                0x08003560                AHBPrescTable
 .rodata.HAL_RCC_GetSysClockFreq.str1.4
                0x08003570       0x11 CMakeFiles/STM32f103_Demo.elf.dir/Drivers/STM32F1xx_HAL_Driver/Src/stm32f1xx_hal_rcc.c.obj
 *fill*         0x08003581        0x3 
 .rodata.ascii_1206
                0x08003584      0x474 CMakeFiles/STM32f103_Demo.elf.dir/Hardware/lcd.c.obj
                0x08003584                ascii_1206
 .rodata.ascii_1608
                0x080039f8      0x5f0 CMakeFiles/STM32f103_Demo.elf.dir/Hardware/lcd.c.obj
                0x080039f8                ascii_1608
 .rodata.ascii_2412
                0x08003fe8     0x11d0 CMakeFiles/STM32f103_Demo.elf.dir/Hardware/lcd.c.obj
                0x08003fe8                ascii_2412
 .rodata.ascii_3216
                0x080051b8     0x17c0 CMakeFiles/STM32f103_Demo.elf.dir/Hardware/lcd.c.obj
                0x080051b8                ascii_3216
 .rodata.vTaskStartScheduler.str1.4
                0x08006978        0x5 CMakeFiles/STM32f103_Demo.elf.dir/Middlewares/Third_Party/FreeRTOS/Source/tasks.c.obj
 *fill*         0x0800697d        0x3 
 .rodata.prvCheckForValidListAndQueue.str1.4
                0x08006980        0x5 CMakeFiles/STM32f103_Demo.elf.dir/Middlewares/Third_Party/FreeRTOS/Source/timers.c.obj
 *fill*         0x08006985        0x3 
 .rodata.xTimerCreateTimerTask.str1.4
                0x08006988        0x8 CMakeFiles/STM32f103_Demo.elf.dir/Middlewares/Third_Party/FreeRTOS/Source/timers.c.obj
 .rodata.gImage_leimu_2
                0x08006990    0x1c200 CMakeFiles/STM32f103_Demo.elf.dir/Picture/leimu_2.c.obj
                0x08006990                gImage_leimu_2
 .rodata.gImage_leimu_3
                0x08022b90    0x1c200 CMakeFiles/STM32f103_Demo.elf.dir/Picture/leimu_3.c.obj
                0x08022b90                gImage_leimu_3
                0x0803ed90                . = ALIGN (0x4)

.rel.dyn        0x0803ed90        0x0
 .rel.iplt      0x0803ed90        0x0 d:/programdata/gcc-arm-11.2-2022.02-mingw-w64-i686-arm-none-eabi/bin/../lib/gcc/arm-none-eabi/11.2.1/thumb/v7-m/nofp/crtbegin.o

.ARM.extab      0x0803ed90        0x0
                0x0803ed90                . = ALIGN (0x4)
 *(.ARM.extab* .gnu.linkonce.armextab.*)
                0x0803ed90                . = ALIGN (0x4)

.ARM            0x0803ed90        0x0
                0x0803ed90                . = ALIGN (0x4)
                0x0803ed90                __exidx_start = .
 *(.ARM.exidx*)
                0x0803ed90                __exidx_end = .
                0x0803ed90                . = ALIGN (0x4)

.preinit_array  0x0803ed90        0x0
                0x0803ed90                . = ALIGN (0x4)
                0x0803ed90                PROVIDE (__preinit_array_start = .)
 *(.preinit_array*)
                0x0803ed90                PROVIDE (__preinit_array_end = .)
                0x0803ed90                . = ALIGN (0x4)

.init_array     0x0803ed90        0x4
                0x0803ed90                . = ALIGN (0x4)
                0x0803ed90                PROVIDE (__init_array_start = .)
 *(SORT_BY_NAME(.init_array.*))
 *(.init_array*)
 .init_array    0x0803ed90        0x4 d:/programdata/gcc-arm-11.2-2022.02-mingw-w64-i686-arm-none-eabi/bin/../lib/gcc/arm-none-eabi/11.2.1/thumb/v7-m/nofp/crtbegin.o
                0x0803ed94                PROVIDE (__init_array_end = .)
                0x0803ed94                . = ALIGN (0x4)

.fini_array     0x0803ed94        0x4
                0x0803ed94                . = ALIGN (0x4)
                [!provide]                PROVIDE (__fini_array_start = .)
 *(SORT_BY_NAME(.fini_array.*))
 *(.fini_array*)
 .fini_array    0x0803ed94        0x4 d:/programdata/gcc-arm-11.2-2022.02-mingw-w64-i686-arm-none-eabi/bin/../lib/gcc/arm-none-eabi/11.2.1/thumb/v7-m/nofp/crtbegin.o
                [!provide]                PROVIDE (__fini_array_end = .)
                0x0803ed98                . = ALIGN (0x4)
                0x0803ed98                _sidata = LOADADDR (.data)

.data           0x20000000       0x10 load address 0x0803ed98
                0x20000000                . = ALIGN (0x4)
                0x20000000                _sdata = .
 *(.data)
 *(.data*)
 .data.SystemCoreClock
                0x20000000        0x4 CMakeFiles/STM32f103_Demo.elf.dir/Core/Src/system_stm32f1xx.c.obj
                0x20000000                SystemCoreClock
 .data.uwTickFreq
                0x20000004        0x1 CMakeFiles/STM32f103_Demo.elf.dir/Drivers/STM32F1xx_HAL_Driver/Src/stm32f1xx_hal.c.obj
                0x20000004                uwTickFreq
 *fill*         0x20000005        0x3 
 .data.uwTickPrio
                0x20000008        0x4 CMakeFiles/STM32f103_Demo.elf.dir/Drivers/STM32F1xx_HAL_Driver/Src/stm32f1xx_hal.c.obj
                0x20000008                uwTickPrio
 .data.uxCriticalNesting
                0x2000000c        0x4 CMakeFiles/STM32f103_Demo.elf.dir/Middlewares/Third_Party/FreeRTOS/Source/portable/GCC/ARM_CM3/port.c.obj
 *(.RamFunc)
 *(.RamFunc*)
                0x20000010                . = ALIGN (0x4)
                0x20000010                _edata = .

.tm_clone_table
                0x20000010        0x0 load address 0x0803eda8
 .tm_clone_table
                0x20000010        0x0 d:/programdata/gcc-arm-11.2-2022.02-mingw-w64-i686-arm-none-eabi/bin/../lib/gcc/arm-none-eabi/11.2.1/thumb/v7-m/nofp/crtbegin.o
 .tm_clone_table
                0x20000010        0x0 d:/programdata/gcc-arm-11.2-2022.02-mingw-w64-i686-arm-none-eabi/bin/../lib/gcc/arm-none-eabi/11.2.1/thumb/v7-m/nofp/crtend.o

.igot.plt       0x20000010        0x0 load address 0x0803eda8
 .igot.plt      0x20000010        0x0 d:/programdata/gcc-arm-11.2-2022.02-mingw-w64-i686-arm-none-eabi/bin/../lib/gcc/arm-none-eabi/11.2.1/thumb/v7-m/nofp/crtbegin.o
                0x20000010                . = ALIGN (0x4)

.bss            0x20000010     0x196c load address 0x0803eda8
                0x20000010                _sbss = .
                0x20000010                __bss_start__ = _sbss
 *(.bss)
 *(.bss*)
 .bss.completed.1
                0x20000010        0x1 d:/programdata/gcc-arm-11.2-2022.02-mingw-w64-i686-arm-none-eabi/bin/../lib/gcc/arm-none-eabi/11.2.1/thumb/v7-m/nofp/crtbegin.o
 *fill*         0x20000011        0x3 
 .bss.object.0  0x20000014       0x18 d:/programdata/gcc-arm-11.2-2022.02-mingw-w64-i686-arm-none-eabi/bin/../lib/gcc/arm-none-eabi/11.2.1/thumb/v7-m/nofp/crtbegin.o
 .bss.startTaskHandle
                0x2000002c        0x4 CMakeFiles/STM32f103_Demo.elf.dir/Core/Src/main.c.obj
                0x2000002c                startTaskHandle
 .bss.uwTick    0x20000030        0x4 CMakeFiles/STM32f103_Demo.elf.dir/Drivers/STM32F1xx_HAL_Driver/Src/stm32f1xx_hal.c.obj
                0x20000030                uwTick
 .bss.Idle_Stack
                0x20000034      0x200 CMakeFiles/STM32f103_Demo.elf.dir/Middlewares/Third_Party/FreeRTOS/Source/CMSIS_RTOS_V2/cmsis_os2.c.obj
 .bss.Idle_TCB  0x20000234       0x5c CMakeFiles/STM32f103_Demo.elf.dir/Middlewares/Third_Party/FreeRTOS/Source/CMSIS_RTOS_V2/cmsis_os2.c.obj
 .bss.KernelState
                0x20000290        0x4 CMakeFiles/STM32f103_Demo.elf.dir/Middlewares/Third_Party/FreeRTOS/Source/CMSIS_RTOS_V2/cmsis_os2.c.obj
 .bss.Timer_Stack
                0x20000294      0x400 CMakeFiles/STM32f103_Demo.elf.dir/Middlewares/Third_Party/FreeRTOS/Source/CMSIS_RTOS_V2/cmsis_os2.c.obj
 .bss.Timer_TCB
                0x20000694       0x5c CMakeFiles/STM32f103_Demo.elf.dir/Middlewares/Third_Party/FreeRTOS/Source/CMSIS_RTOS_V2/cmsis_os2.c.obj
 .bss.ucMaxSysCallPriority
                0x200006f0        0x1 CMakeFiles/STM32f103_Demo.elf.dir/Middlewares/Third_Party/FreeRTOS/Source/portable/GCC/ARM_CM3/port.c.obj
 *fill*         0x200006f1        0x3 
 .bss.ulMaxPRIGROUPValue
                0x200006f4        0x4 CMakeFiles/STM32f103_Demo.elf.dir/Middlewares/Third_Party/FreeRTOS/Source/portable/GCC/ARM_CM3/port.c.obj
 .bss.pxEnd     0x200006f8        0x4 CMakeFiles/STM32f103_Demo.elf.dir/Middlewares/Third_Party/FreeRTOS/Source/portable/MemMang/heap_4.c.obj
 .bss.ucHeap    0x200006fc      0xc00 CMakeFiles/STM32f103_Demo.elf.dir/Middlewares/Third_Party/FreeRTOS/Source/portable/MemMang/heap_4.c.obj
 .bss.xBlockAllocatedBit
                0x200012fc        0x4 CMakeFiles/STM32f103_Demo.elf.dir/Middlewares/Third_Party/FreeRTOS/Source/portable/MemMang/heap_4.c.obj
 .bss.xFreeBytesRemaining
                0x20001300        0x4 CMakeFiles/STM32f103_Demo.elf.dir/Middlewares/Third_Party/FreeRTOS/Source/portable/MemMang/heap_4.c.obj
 .bss.xMinimumEverFreeBytesRemaining
                0x20001304        0x4 CMakeFiles/STM32f103_Demo.elf.dir/Middlewares/Third_Party/FreeRTOS/Source/portable/MemMang/heap_4.c.obj
 .bss.xStart    0x20001308        0x8 CMakeFiles/STM32f103_Demo.elf.dir/Middlewares/Third_Party/FreeRTOS/Source/portable/MemMang/heap_4.c.obj
 .bss.xQueueRegistry
                0x20001310       0x40 CMakeFiles/STM32f103_Demo.elf.dir/Middlewares/Third_Party/FreeRTOS/Source/queue.c.obj
                0x20001310                xQueueRegistry
 .bss.pxCurrentTCB
                0x20001350        0x4 CMakeFiles/STM32f103_Demo.elf.dir/Middlewares/Third_Party/FreeRTOS/Source/tasks.c.obj
                0x20001350                pxCurrentTCB
 .bss.pxDelayedTaskList
                0x20001354        0x4 CMakeFiles/STM32f103_Demo.elf.dir/Middlewares/Third_Party/FreeRTOS/Source/tasks.c.obj
 .bss.pxOverflowDelayedTaskList
                0x20001358        0x4 CMakeFiles/STM32f103_Demo.elf.dir/Middlewares/Third_Party/FreeRTOS/Source/tasks.c.obj
 .bss.pxReadyTasksLists
                0x2000135c      0x460 CMakeFiles/STM32f103_Demo.elf.dir/Middlewares/Third_Party/FreeRTOS/Source/tasks.c.obj
 .bss.uxCurrentNumberOfTasks
                0x200017bc        0x4 CMakeFiles/STM32f103_Demo.elf.dir/Middlewares/Third_Party/FreeRTOS/Source/tasks.c.obj
 .bss.uxDeletedTasksWaitingCleanUp
                0x200017c0        0x4 CMakeFiles/STM32f103_Demo.elf.dir/Middlewares/Third_Party/FreeRTOS/Source/tasks.c.obj
 .bss.uxPendedTicks
                0x200017c4        0x4 CMakeFiles/STM32f103_Demo.elf.dir/Middlewares/Third_Party/FreeRTOS/Source/tasks.c.obj
 .bss.uxSchedulerSuspended
                0x200017c8        0x4 CMakeFiles/STM32f103_Demo.elf.dir/Middlewares/Third_Party/FreeRTOS/Source/tasks.c.obj
 .bss.uxTaskNumber
                0x200017cc        0x4 CMakeFiles/STM32f103_Demo.elf.dir/Middlewares/Third_Party/FreeRTOS/Source/tasks.c.obj
 .bss.uxTopReadyPriority
                0x200017d0        0x4 CMakeFiles/STM32f103_Demo.elf.dir/Middlewares/Third_Party/FreeRTOS/Source/tasks.c.obj
 .bss.xDelayedTaskList1
                0x200017d4       0x14 CMakeFiles/STM32f103_Demo.elf.dir/Middlewares/Third_Party/FreeRTOS/Source/tasks.c.obj
 .bss.xDelayedTaskList2
                0x200017e8       0x14 CMakeFiles/STM32f103_Demo.elf.dir/Middlewares/Third_Party/FreeRTOS/Source/tasks.c.obj
 .bss.xIdleTaskHandle
                0x200017fc        0x4 CMakeFiles/STM32f103_Demo.elf.dir/Middlewares/Third_Party/FreeRTOS/Source/tasks.c.obj
 .bss.xNextTaskUnblockTime
                0x20001800        0x4 CMakeFiles/STM32f103_Demo.elf.dir/Middlewares/Third_Party/FreeRTOS/Source/tasks.c.obj
 .bss.xNumOfOverflows
                0x20001804        0x4 CMakeFiles/STM32f103_Demo.elf.dir/Middlewares/Third_Party/FreeRTOS/Source/tasks.c.obj
 .bss.xPendingReadyList
                0x20001808       0x14 CMakeFiles/STM32f103_Demo.elf.dir/Middlewares/Third_Party/FreeRTOS/Source/tasks.c.obj
 .bss.xSchedulerRunning
                0x2000181c        0x4 CMakeFiles/STM32f103_Demo.elf.dir/Middlewares/Third_Party/FreeRTOS/Source/tasks.c.obj
 .bss.xSuspendedTaskList
                0x20001820       0x14 CMakeFiles/STM32f103_Demo.elf.dir/Middlewares/Third_Party/FreeRTOS/Source/tasks.c.obj
 .bss.xTasksWaitingTermination
                0x20001834       0x14 CMakeFiles/STM32f103_Demo.elf.dir/Middlewares/Third_Party/FreeRTOS/Source/tasks.c.obj
 .bss.xTickCount
                0x20001848        0x4 CMakeFiles/STM32f103_Demo.elf.dir/Middlewares/Third_Party/FreeRTOS/Source/tasks.c.obj
 .bss.xYieldPending
                0x2000184c        0x4 CMakeFiles/STM32f103_Demo.elf.dir/Middlewares/Third_Party/FreeRTOS/Source/tasks.c.obj
 .bss.pxCurrentTimerList
                0x20001850        0x4 CMakeFiles/STM32f103_Demo.elf.dir/Middlewares/Third_Party/FreeRTOS/Source/timers.c.obj
 .bss.pxOverflowTimerList
                0x20001854        0x4 CMakeFiles/STM32f103_Demo.elf.dir/Middlewares/Third_Party/FreeRTOS/Source/timers.c.obj
 .bss.ucStaticTimerQueueStorage.1
                0x20001858       0xa0 CMakeFiles/STM32f103_Demo.elf.dir/Middlewares/Third_Party/FreeRTOS/Source/timers.c.obj
 .bss.xActiveTimerList1
                0x200018f8       0x14 CMakeFiles/STM32f103_Demo.elf.dir/Middlewares/Third_Party/FreeRTOS/Source/timers.c.obj
 .bss.xActiveTimerList2
                0x2000190c       0x14 CMakeFiles/STM32f103_Demo.elf.dir/Middlewares/Third_Party/FreeRTOS/Source/timers.c.obj
 .bss.xLastTime.2
                0x20001920        0x4 CMakeFiles/STM32f103_Demo.elf.dir/Middlewares/Third_Party/FreeRTOS/Source/timers.c.obj
 .bss.xStaticTimerQueue.0
                0x20001924       0x50 CMakeFiles/STM32f103_Demo.elf.dir/Middlewares/Third_Party/FreeRTOS/Source/timers.c.obj
 .bss.xTimerQueue
                0x20001974        0x4 CMakeFiles/STM32f103_Demo.elf.dir/Middlewares/Third_Party/FreeRTOS/Source/timers.c.obj
 .bss.xTimerTaskHandle
                0x20001978        0x4 CMakeFiles/STM32f103_Demo.elf.dir/Middlewares/Third_Party/FreeRTOS/Source/timers.c.obj
 *(COMMON)
                0x2000197c                . = ALIGN (0x4)
                0x2000197c                _ebss = .
                0x2000197c                __bss_end__ = _ebss

._user_heap_stack
                0x2000197c     0x2004 load address 0x0803eda8
                0x20001980                . = ALIGN (0x8)
 *fill*         0x2000197c        0x4 
                [!provide]                PROVIDE (end = .)
                0x20001980                PROVIDE (_end = .)
                0x20002980                . = (. + _Min_Heap_Size)
 *fill*         0x20001980     0x1000 
                0x20003980                . = (. + _Min_Stack_Size)
 *fill*         0x20002980     0x1000 
                0x20003980                . = ALIGN (0x8)

/DISCARD/
 libc.a(*)
 libm.a(*)
 libgcc.a(*)

.ARM.attributes
                0x00000000       0x29
 *(.ARM.attributes)
 .ARM.attributes
                0x00000000       0x1d d:/programdata/gcc-arm-11.2-2022.02-mingw-w64-i686-arm-none-eabi/bin/../lib/gcc/arm-none-eabi/11.2.1/thumb/v7-m/nofp/crti.o
 .ARM.attributes
                0x0000001d       0x2d d:/programdata/gcc-arm-11.2-2022.02-mingw-w64-i686-arm-none-eabi/bin/../lib/gcc/arm-none-eabi/11.2.1/thumb/v7-m/nofp/crtbegin.o
 .ARM.attributes
                0x0000004a       0x2d CMakeFiles/STM32f103_Demo.elf.dir/Core/Src/main.c.obj
 .ARM.attributes
                0x00000077       0x2d CMakeFiles/STM32f103_Demo.elf.dir/Core/Src/stm32f1xx_hal_msp.c.obj
 .ARM.attributes
                0x000000a4       0x2d CMakeFiles/STM32f103_Demo.elf.dir/Core/Src/stm32f1xx_it.c.obj
 .ARM.attributes
                0x000000d1       0x2d CMakeFiles/STM32f103_Demo.elf.dir/Core/Src/system_stm32f1xx.c.obj
 .ARM.attributes
                0x000000fe       0x21 CMakeFiles/STM32f103_Demo.elf.dir/Core/Startup/startup_stm32f103rctx.s.obj
 .ARM.attributes
                0x0000011f       0x2d CMakeFiles/STM32f103_Demo.elf.dir/Drivers/STM32F1xx_HAL_Driver/Src/stm32f1xx_hal.c.obj
 .ARM.attributes
                0x0000014c       0x2d CMakeFiles/STM32f103_Demo.elf.dir/Drivers/STM32F1xx_HAL_Driver/Src/stm32f1xx_hal_cortex.c.obj
 .ARM.attributes
                0x00000179       0x2d CMakeFiles/STM32f103_Demo.elf.dir/Drivers/STM32F1xx_HAL_Driver/Src/stm32f1xx_hal_gpio.c.obj
 .ARM.attributes
                0x000001a6       0x2d CMakeFiles/STM32f103_Demo.elf.dir/Drivers/STM32F1xx_HAL_Driver/Src/stm32f1xx_hal_rcc.c.obj
 .ARM.attributes
                0x000001d3       0x2d CMakeFiles/STM32f103_Demo.elf.dir/Hardware/lcd.c.obj
 .ARM.attributes
                0x00000200       0x2d CMakeFiles/STM32f103_Demo.elf.dir/Hardware/lcd_init.c.obj
 .ARM.attributes
                0x0000022d       0x2d CMakeFiles/STM32f103_Demo.elf.dir/Middlewares/Third_Party/FreeRTOS/Source/CMSIS_RTOS_V2/cmsis_os2.c.obj
 .ARM.attributes
                0x0000025a       0x2d CMakeFiles/STM32f103_Demo.elf.dir/Middlewares/Third_Party/FreeRTOS/Source/list.c.obj
 .ARM.attributes
                0x00000287       0x2d CMakeFiles/STM32f103_Demo.elf.dir/Middlewares/Third_Party/FreeRTOS/Source/portable/GCC/ARM_CM3/port.c.obj
 .ARM.attributes
                0x000002b4       0x2d CMakeFiles/STM32f103_Demo.elf.dir/Middlewares/Third_Party/FreeRTOS/Source/portable/MemMang/heap_4.c.obj
 .ARM.attributes
                0x000002e1       0x2d CMakeFiles/STM32f103_Demo.elf.dir/Middlewares/Third_Party/FreeRTOS/Source/queue.c.obj
 .ARM.attributes
                0x0000030e       0x2d CMakeFiles/STM32f103_Demo.elf.dir/Middlewares/Third_Party/FreeRTOS/Source/tasks.c.obj
 .ARM.attributes
                0x0000033b       0x2d CMakeFiles/STM32f103_Demo.elf.dir/Middlewares/Third_Party/FreeRTOS/Source/timers.c.obj
 .ARM.attributes
                0x00000368       0x2d CMakeFiles/STM32f103_Demo.elf.dir/Picture/leimu_2.c.obj
 .ARM.attributes
                0x00000395       0x2d CMakeFiles/STM32f103_Demo.elf.dir/Picture/leimu_3.c.obj
 .ARM.attributes
                0x000003c2       0x2d d:/programdata/gcc-arm-11.2-2022.02-mingw-w64-i686-arm-none-eabi/bin/../lib/gcc/arm-none-eabi/11.2.1/thumb/v7-m/nofp\libg.a(lib_a-init.o)
 .ARM.attributes
                0x000003ef       0x1b d:/programdata/gcc-arm-11.2-2022.02-mingw-w64-i686-arm-none-eabi/bin/../lib/gcc/arm-none-eabi/11.2.1/thumb/v7-m/nofp\libg.a(lib_a-memcpy.o)
 .ARM.attributes
                0x0000040a       0x2d d:/programdata/gcc-arm-11.2-2022.02-mingw-w64-i686-arm-none-eabi/bin/../lib/gcc/arm-none-eabi/11.2.1/thumb/v7-m/nofp\libg.a(lib_a-memset.o)
 .ARM.attributes
                0x00000437       0x2d d:/programdata/gcc-arm-11.2-2022.02-mingw-w64-i686-arm-none-eabi/bin/../lib/gcc/arm-none-eabi/11.2.1/thumb/v7-m/nofp/crtend.o
 .ARM.attributes
                0x00000464       0x1d d:/programdata/gcc-arm-11.2-2022.02-mingw-w64-i686-arm-none-eabi/bin/../lib/gcc/arm-none-eabi/11.2.1/thumb/v7-m/nofp/crtn.o
OUTPUT(STM32f103_Demo.elf elf32-littlearm)
LOAD linker stubs
LOAD d:/programdata/gcc-arm-11.2-2022.02-mingw-w64-i686-arm-none-eabi/bin/../lib/gcc/arm-none-eabi/11.2.1/thumb/v7-m/nofp\libc.a
LOAD d:/programdata/gcc-arm-11.2-2022.02-mingw-w64-i686-arm-none-eabi/bin/../lib/gcc/arm-none-eabi/11.2.1/thumb/v7-m/nofp\libm.a
LOAD d:/programdata/gcc-arm-11.2-2022.02-mingw-w64-i686-arm-none-eabi/bin/../lib/gcc/arm-none-eabi/11.2.1/thumb/v7-m/nofp\libgcc.a

.comment        0x00000000       0x57
 .comment       0x00000000       0x57 d:/programdata/gcc-arm-11.2-2022.02-mingw-w64-i686-arm-none-eabi/bin/../lib/gcc/arm-none-eabi/11.2.1/thumb/v7-m/nofp/crtbegin.o
                                 0x58 (size before relaxing)
 .comment       0x00000057       0x58 CMakeFiles/STM32f103_Demo.elf.dir/Core/Src/main.c.obj
 .comment       0x00000057       0x58 CMakeFiles/STM32f103_Demo.elf.dir/Core/Src/stm32f1xx_hal_msp.c.obj
 .comment       0x00000057       0x58 CMakeFiles/STM32f103_Demo.elf.dir/Core/Src/stm32f1xx_it.c.obj
 .comment       0x00000057       0x58 CMakeFiles/STM32f103_Demo.elf.dir/Core/Src/system_stm32f1xx.c.obj
 .comment       0x00000057       0x58 CMakeFiles/STM32f103_Demo.elf.dir/Drivers/STM32F1xx_HAL_Driver/Src/stm32f1xx_hal.c.obj
 .comment       0x00000057       0x58 CMakeFiles/STM32f103_Demo.elf.dir/Drivers/STM32F1xx_HAL_Driver/Src/stm32f1xx_hal_cortex.c.obj
 .comment       0x00000057       0x58 CMakeFiles/STM32f103_Demo.elf.dir/Drivers/STM32F1xx_HAL_Driver/Src/stm32f1xx_hal_gpio.c.obj
 .comment       0x00000057       0x58 CMakeFiles/STM32f103_Demo.elf.dir/Drivers/STM32F1xx_HAL_Driver/Src/stm32f1xx_hal_rcc.c.obj
 .comment       0x00000057       0x58 CMakeFiles/STM32f103_Demo.elf.dir/Hardware/lcd.c.obj
 .comment       0x00000057       0x58 CMakeFiles/STM32f103_Demo.elf.dir/Hardware/lcd_init.c.obj
 .comment       0x00000057       0x58 CMakeFiles/STM32f103_Demo.elf.dir/Middlewares/Third_Party/FreeRTOS/Source/CMSIS_RTOS_V2/cmsis_os2.c.obj
 .comment       0x00000057       0x58 CMakeFiles/STM32f103_Demo.elf.dir/Middlewares/Third_Party/FreeRTOS/Source/list.c.obj
 .comment       0x00000057       0x58 CMakeFiles/STM32f103_Demo.elf.dir/Middlewares/Third_Party/FreeRTOS/Source/portable/GCC/ARM_CM3/port.c.obj
 .comment       0x00000057       0x58 CMakeFiles/STM32f103_Demo.elf.dir/Middlewares/Third_Party/FreeRTOS/Source/portable/MemMang/heap_4.c.obj
 .comment       0x00000057       0x58 CMakeFiles/STM32f103_Demo.elf.dir/Middlewares/Third_Party/FreeRTOS/Source/queue.c.obj
 .comment       0x00000057       0x58 CMakeFiles/STM32f103_Demo.elf.dir/Middlewares/Third_Party/FreeRTOS/Source/tasks.c.obj
 .comment       0x00000057       0x58 CMakeFiles/STM32f103_Demo.elf.dir/Middlewares/Third_Party/FreeRTOS/Source/timers.c.obj
 .comment       0x00000057       0x58 CMakeFiles/STM32f103_Demo.elf.dir/Picture/leimu_2.c.obj
 .comment       0x00000057       0x58 CMakeFiles/STM32f103_Demo.elf.dir/Picture/leimu_3.c.obj
 .comment       0x00000057       0x58 d:/programdata/gcc-arm-11.2-2022.02-mingw-w64-i686-arm-none-eabi/bin/../lib/gcc/arm-none-eabi/11.2.1/thumb/v7-m/nofp\libg.a(lib_a-init.o)
 .comment       0x00000057       0x58 d:/programdata/gcc-arm-11.2-2022.02-mingw-w64-i686-arm-none-eabi/bin/../lib/gcc/arm-none-eabi/11.2.1/thumb/v7-m/nofp\libg.a(lib_a-memset.o)
 .comment       0x00000057       0x58 d:/programdata/gcc-arm-11.2-2022.02-mingw-w64-i686-arm-none-eabi/bin/../lib/gcc/arm-none-eabi/11.2.1/thumb/v7-m/nofp/crtend.o

.debug_info     0x00000000    0x12e9f
 .debug_info    0x00000000      0xb4c CMakeFiles/STM32f103_Demo.elf.dir/Core/Src/main.c.obj
 .debug_info    0x00000b4c      0x3e8 CMakeFiles/STM32f103_Demo.elf.dir/Core/Src/stm32f1xx_hal_msp.c.obj
 .debug_info    0x00000f34      0x137 CMakeFiles/STM32f103_Demo.elf.dir/Core/Src/stm32f1xx_it.c.obj
 .debug_info    0x0000106b      0x22d CMakeFiles/STM32f103_Demo.elf.dir/Core/Src/system_stm32f1xx.c.obj
 .debug_info    0x00001298       0x23 CMakeFiles/STM32f103_Demo.elf.dir/Core/Startup/startup_stm32f103rctx.s.obj
 .debug_info    0x000012bb      0x808 CMakeFiles/STM32f103_Demo.elf.dir/Drivers/STM32F1xx_HAL_Driver/Src/stm32f1xx_hal.c.obj
 .debug_info    0x00001ac3      0xd2b CMakeFiles/STM32f103_Demo.elf.dir/Drivers/STM32F1xx_HAL_Driver/Src/stm32f1xx_hal_cortex.c.obj
 .debug_info    0x000027ee      0x604 CMakeFiles/STM32f103_Demo.elf.dir/Drivers/STM32F1xx_HAL_Driver/Src/stm32f1xx_hal_gpio.c.obj
 .debug_info    0x00002df2      0x9e0 CMakeFiles/STM32f103_Demo.elf.dir/Drivers/STM32F1xx_HAL_Driver/Src/stm32f1xx_hal_rcc.c.obj
 .debug_info    0x000037d2     0x16e0 CMakeFiles/STM32f103_Demo.elf.dir/Hardware/lcd.c.obj
 .debug_info    0x00004eb2     0x13f1 CMakeFiles/STM32f103_Demo.elf.dir/Hardware/lcd_init.c.obj
 .debug_info    0x000062a3     0x4d6a CMakeFiles/STM32f103_Demo.elf.dir/Middlewares/Third_Party/FreeRTOS/Source/CMSIS_RTOS_V2/cmsis_os2.c.obj
 .debug_info    0x0000b00d      0x2ba CMakeFiles/STM32f103_Demo.elf.dir/Middlewares/Third_Party/FreeRTOS/Source/list.c.obj
 .debug_info    0x0000b2c7      0x505 CMakeFiles/STM32f103_Demo.elf.dir/Middlewares/Third_Party/FreeRTOS/Source/portable/GCC/ARM_CM3/port.c.obj
 .debug_info    0x0000b7cc      0x452 CMakeFiles/STM32f103_Demo.elf.dir/Middlewares/Third_Party/FreeRTOS/Source/portable/MemMang/heap_4.c.obj
 .debug_info    0x0000bc1e     0x269a CMakeFiles/STM32f103_Demo.elf.dir/Middlewares/Third_Party/FreeRTOS/Source/queue.c.obj
 .debug_info    0x0000e2b8     0x2f05 CMakeFiles/STM32f103_Demo.elf.dir/Middlewares/Third_Party/FreeRTOS/Source/tasks.c.obj
 .debug_info    0x000111bd     0x19c5 CMakeFiles/STM32f103_Demo.elf.dir/Middlewares/Third_Party/FreeRTOS/Source/timers.c.obj
 .debug_info    0x00012b82       0x5c CMakeFiles/STM32f103_Demo.elf.dir/Picture/leimu_2.c.obj
 .debug_info    0x00012bde       0x5c CMakeFiles/STM32f103_Demo.elf.dir/Picture/leimu_3.c.obj
 .debug_info    0x00012c3a      0x10b d:/programdata/gcc-arm-11.2-2022.02-mingw-w64-i686-arm-none-eabi/bin/../lib/gcc/arm-none-eabi/11.2.1/thumb/v7-m/nofp\libg.a(lib_a-init.o)
 .debug_info    0x00012d45       0x25 d:/programdata/gcc-arm-11.2-2022.02-mingw-w64-i686-arm-none-eabi/bin/../lib/gcc/arm-none-eabi/11.2.1/thumb/v7-m/nofp\libg.a(lib_a-memcpy.o)
 .debug_info    0x00012d6a      0x135 d:/programdata/gcc-arm-11.2-2022.02-mingw-w64-i686-arm-none-eabi/bin/../lib/gcc/arm-none-eabi/11.2.1/thumb/v7-m/nofp\libg.a(lib_a-memset.o)

.debug_abbrev   0x00000000     0x2bd0
 .debug_abbrev  0x00000000      0x2c6 CMakeFiles/STM32f103_Demo.elf.dir/Core/Src/main.c.obj
 .debug_abbrev  0x000002c6      0x137 CMakeFiles/STM32f103_Demo.elf.dir/Core/Src/stm32f1xx_hal_msp.c.obj
 .debug_abbrev  0x000003fd       0xb3 CMakeFiles/STM32f103_Demo.elf.dir/Core/Src/stm32f1xx_it.c.obj
 .debug_abbrev  0x000004b0      0x143 CMakeFiles/STM32f103_Demo.elf.dir/Core/Src/system_stm32f1xx.c.obj
 .debug_abbrev  0x000005f3       0x12 CMakeFiles/STM32f103_Demo.elf.dir/Core/Startup/startup_stm32f103rctx.s.obj
 .debug_abbrev  0x00000605      0x22d CMakeFiles/STM32f103_Demo.elf.dir/Drivers/STM32F1xx_HAL_Driver/Src/stm32f1xx_hal.c.obj
 .debug_abbrev  0x00000832      0x348 CMakeFiles/STM32f103_Demo.elf.dir/Drivers/STM32F1xx_HAL_Driver/Src/stm32f1xx_hal_cortex.c.obj
 .debug_abbrev  0x00000b7a      0x1f7 CMakeFiles/STM32f103_Demo.elf.dir/Drivers/STM32F1xx_HAL_Driver/Src/stm32f1xx_hal_gpio.c.obj
 .debug_abbrev  0x00000d71      0x29e CMakeFiles/STM32f103_Demo.elf.dir/Drivers/STM32F1xx_HAL_Driver/Src/stm32f1xx_hal_rcc.c.obj
 .debug_abbrev  0x0000100f      0x27c CMakeFiles/STM32f103_Demo.elf.dir/Hardware/lcd.c.obj
 .debug_abbrev  0x0000128b      0x173 CMakeFiles/STM32f103_Demo.elf.dir/Hardware/lcd_init.c.obj
 .debug_abbrev  0x000013fe      0x49f CMakeFiles/STM32f103_Demo.elf.dir/Middlewares/Third_Party/FreeRTOS/Source/CMSIS_RTOS_V2/cmsis_os2.c.obj
 .debug_abbrev  0x0000189d      0x10a CMakeFiles/STM32f103_Demo.elf.dir/Middlewares/Third_Party/FreeRTOS/Source/list.c.obj
 .debug_abbrev  0x000019a7      0x2a4 CMakeFiles/STM32f103_Demo.elf.dir/Middlewares/Third_Party/FreeRTOS/Source/portable/GCC/ARM_CM3/port.c.obj
 .debug_abbrev  0x00001c4b      0x24b CMakeFiles/STM32f103_Demo.elf.dir/Middlewares/Third_Party/FreeRTOS/Source/portable/MemMang/heap_4.c.obj
 .debug_abbrev  0x00001e96      0x40c CMakeFiles/STM32f103_Demo.elf.dir/Middlewares/Third_Party/FreeRTOS/Source/queue.c.obj
 .debug_abbrev  0x000022a2      0x393 CMakeFiles/STM32f103_Demo.elf.dir/Middlewares/Third_Party/FreeRTOS/Source/tasks.c.obj
 .debug_abbrev  0x00002635      0x379 CMakeFiles/STM32f103_Demo.elf.dir/Middlewares/Third_Party/FreeRTOS/Source/timers.c.obj
 .debug_abbrev  0x000029ae       0x47 CMakeFiles/STM32f103_Demo.elf.dir/Picture/leimu_2.c.obj
 .debug_abbrev  0x000029f5       0x47 CMakeFiles/STM32f103_Demo.elf.dir/Picture/leimu_3.c.obj
 .debug_abbrev  0x00002a3c       0xc9 d:/programdata/gcc-arm-11.2-2022.02-mingw-w64-i686-arm-none-eabi/bin/../lib/gcc/arm-none-eabi/11.2.1/thumb/v7-m/nofp\libg.a(lib_a-init.o)
 .debug_abbrev  0x00002b05       0x14 d:/programdata/gcc-arm-11.2-2022.02-mingw-w64-i686-arm-none-eabi/bin/../lib/gcc/arm-none-eabi/11.2.1/thumb/v7-m/nofp\libg.a(lib_a-memcpy.o)
 .debug_abbrev  0x00002b19       0xb7 d:/programdata/gcc-arm-11.2-2022.02-mingw-w64-i686-arm-none-eabi/bin/../lib/gcc/arm-none-eabi/11.2.1/thumb/v7-m/nofp\libg.a(lib_a-memset.o)

.debug_loclists
                0x00000000     0x8522
 .debug_loclists
                0x00000000       0x5f CMakeFiles/STM32f103_Demo.elf.dir/Core/Src/main.c.obj
 .debug_loclists
                0x0000005f       0x17 CMakeFiles/STM32f103_Demo.elf.dir/Core/Src/stm32f1xx_hal_msp.c.obj
 .debug_loclists
                0x00000076       0xa5 CMakeFiles/STM32f103_Demo.elf.dir/Core/Src/system_stm32f1xx.c.obj
 .debug_loclists
                0x0000011b       0xc9 CMakeFiles/STM32f103_Demo.elf.dir/Drivers/STM32F1xx_HAL_Driver/Src/stm32f1xx_hal.c.obj
 .debug_loclists
                0x000001e4      0x4c4 CMakeFiles/STM32f103_Demo.elf.dir/Drivers/STM32F1xx_HAL_Driver/Src/stm32f1xx_hal_cortex.c.obj
 .debug_loclists
                0x000006a8      0x2ee CMakeFiles/STM32f103_Demo.elf.dir/Drivers/STM32F1xx_HAL_Driver/Src/stm32f1xx_hal_gpio.c.obj
 .debug_loclists
                0x00000996      0x40c CMakeFiles/STM32f103_Demo.elf.dir/Drivers/STM32F1xx_HAL_Driver/Src/stm32f1xx_hal_rcc.c.obj
 .debug_loclists
                0x00000da2      0xf3b CMakeFiles/STM32f103_Demo.elf.dir/Hardware/lcd.c.obj
 .debug_loclists
                0x00001cdd       0xee CMakeFiles/STM32f103_Demo.elf.dir/Hardware/lcd_init.c.obj
 .debug_loclists
                0x00001dcb     0x3429 CMakeFiles/STM32f103_Demo.elf.dir/Middlewares/Third_Party/FreeRTOS/Source/CMSIS_RTOS_V2/cmsis_os2.c.obj
 .debug_loclists
                0x000051f4       0x6f CMakeFiles/STM32f103_Demo.elf.dir/Middlewares/Third_Party/FreeRTOS/Source/list.c.obj
 .debug_loclists
                0x00005263       0x92 CMakeFiles/STM32f103_Demo.elf.dir/Middlewares/Third_Party/FreeRTOS/Source/portable/GCC/ARM_CM3/port.c.obj
 .debug_loclists
                0x000052f5      0x1fd CMakeFiles/STM32f103_Demo.elf.dir/Middlewares/Third_Party/FreeRTOS/Source/portable/MemMang/heap_4.c.obj
 .debug_loclists
                0x000054f2      0xf1a CMakeFiles/STM32f103_Demo.elf.dir/Middlewares/Third_Party/FreeRTOS/Source/queue.c.obj
 .debug_loclists
                0x0000640c     0x15ce CMakeFiles/STM32f103_Demo.elf.dir/Middlewares/Third_Party/FreeRTOS/Source/tasks.c.obj
 .debug_loclists
                0x000079da      0x929 CMakeFiles/STM32f103_Demo.elf.dir/Middlewares/Third_Party/FreeRTOS/Source/timers.c.obj
 .debug_loclists
                0x00008303       0x7a d:/programdata/gcc-arm-11.2-2022.02-mingw-w64-i686-arm-none-eabi/bin/../lib/gcc/arm-none-eabi/11.2.1/thumb/v7-m/nofp\libg.a(lib_a-init.o)
 .debug_loclists
                0x0000837d      0x1a5 d:/programdata/gcc-arm-11.2-2022.02-mingw-w64-i686-arm-none-eabi/bin/../lib/gcc/arm-none-eabi/11.2.1/thumb/v7-m/nofp\libg.a(lib_a-memset.o)

.debug_aranges  0x00000000      0xc28
 .debug_aranges
                0x00000000       0x40 CMakeFiles/STM32f103_Demo.elf.dir/Core/Src/main.c.obj
 .debug_aranges
                0x00000040       0x20 CMakeFiles/STM32f103_Demo.elf.dir/Core/Src/stm32f1xx_hal_msp.c.obj
 .debug_aranges
                0x00000060       0x50 CMakeFiles/STM32f103_Demo.elf.dir/Core/Src/stm32f1xx_it.c.obj
 .debug_aranges
                0x000000b0       0x28 CMakeFiles/STM32f103_Demo.elf.dir/Core/Src/system_stm32f1xx.c.obj
 .debug_aranges
                0x000000d8       0x28 CMakeFiles/STM32f103_Demo.elf.dir/Core/Startup/startup_stm32f103rctx.s.obj
 .debug_aranges
                0x00000100       0xe0 CMakeFiles/STM32f103_Demo.elf.dir/Drivers/STM32F1xx_HAL_Driver/Src/stm32f1xx_hal.c.obj
 .debug_aranges
                0x000001e0       0x90 CMakeFiles/STM32f103_Demo.elf.dir/Drivers/STM32F1xx_HAL_Driver/Src/stm32f1xx_hal_cortex.c.obj
 .debug_aranges
                0x00000270       0x58 CMakeFiles/STM32f103_Demo.elf.dir/Drivers/STM32F1xx_HAL_Driver/Src/stm32f1xx_hal_gpio.c.obj
 .debug_aranges
                0x000002c8       0x90 CMakeFiles/STM32f103_Demo.elf.dir/Drivers/STM32F1xx_HAL_Driver/Src/stm32f1xx_hal_rcc.c.obj
 .debug_aranges
                0x00000358       0x98 CMakeFiles/STM32f103_Demo.elf.dir/Hardware/lcd.c.obj
 .debug_aranges
                0x000003f0       0x48 CMakeFiles/STM32f103_Demo.elf.dir/Hardware/lcd_init.c.obj
 .debug_aranges
                0x00000438      0x228 CMakeFiles/STM32f103_Demo.elf.dir/Middlewares/Third_Party/FreeRTOS/Source/CMSIS_RTOS_V2/cmsis_os2.c.obj
 .debug_aranges
                0x00000660       0x40 CMakeFiles/STM32f103_Demo.elf.dir/Middlewares/Third_Party/FreeRTOS/Source/list.c.obj
 .debug_aranges
                0x000006a0       0x78 CMakeFiles/STM32f103_Demo.elf.dir/Middlewares/Third_Party/FreeRTOS/Source/portable/GCC/ARM_CM3/port.c.obj
 .debug_aranges
                0x00000718       0x50 CMakeFiles/STM32f103_Demo.elf.dir/Middlewares/Third_Party/FreeRTOS/Source/portable/MemMang/heap_4.c.obj
 .debug_aranges
                0x00000768      0x158 CMakeFiles/STM32f103_Demo.elf.dir/Middlewares/Third_Party/FreeRTOS/Source/queue.c.obj
 .debug_aranges
                0x000008c0      0x1f8 CMakeFiles/STM32f103_Demo.elf.dir/Middlewares/Third_Party/FreeRTOS/Source/tasks.c.obj
 .debug_aranges
                0x00000ab8       0xe0 CMakeFiles/STM32f103_Demo.elf.dir/Middlewares/Third_Party/FreeRTOS/Source/timers.c.obj
 .debug_aranges
                0x00000b98       0x18 CMakeFiles/STM32f103_Demo.elf.dir/Picture/leimu_2.c.obj
 .debug_aranges
                0x00000bb0       0x18 CMakeFiles/STM32f103_Demo.elf.dir/Picture/leimu_3.c.obj
 .debug_aranges
                0x00000bc8       0x20 d:/programdata/gcc-arm-11.2-2022.02-mingw-w64-i686-arm-none-eabi/bin/../lib/gcc/arm-none-eabi/11.2.1/thumb/v7-m/nofp\libg.a(lib_a-init.o)
 .debug_aranges
                0x00000be8       0x20 d:/programdata/gcc-arm-11.2-2022.02-mingw-w64-i686-arm-none-eabi/bin/../lib/gcc/arm-none-eabi/11.2.1/thumb/v7-m/nofp\libg.a(lib_a-memcpy.o)
 .debug_aranges
                0x00000c08       0x20 d:/programdata/gcc-arm-11.2-2022.02-mingw-w64-i686-arm-none-eabi/bin/../lib/gcc/arm-none-eabi/11.2.1/thumb/v7-m/nofp\libg.a(lib_a-memset.o)

.debug_rnglists
                0x00000000      0xa0d
 .debug_rnglists
                0x00000000       0x2d CMakeFiles/STM32f103_Demo.elf.dir/Core/Src/main.c.obj
 .debug_rnglists
                0x0000002d       0x13 CMakeFiles/STM32f103_Demo.elf.dir/Core/Src/stm32f1xx_hal_msp.c.obj
 .debug_rnglists
                0x00000040       0x37 CMakeFiles/STM32f103_Demo.elf.dir/Core/Src/stm32f1xx_it.c.obj
 .debug_rnglists
                0x00000077       0x1a CMakeFiles/STM32f103_Demo.elf.dir/Core/Src/system_stm32f1xx.c.obj
 .debug_rnglists
                0x00000091       0x19 CMakeFiles/STM32f103_Demo.elf.dir/Core/Startup/startup_stm32f103rctx.s.obj
 .debug_rnglists
                0x000000aa       0xa3 CMakeFiles/STM32f103_Demo.elf.dir/Drivers/STM32F1xx_HAL_Driver/Src/stm32f1xx_hal.c.obj
 .debug_rnglists
                0x0000014d       0x97 CMakeFiles/STM32f103_Demo.elf.dir/Drivers/STM32F1xx_HAL_Driver/Src/stm32f1xx_hal_cortex.c.obj
 .debug_rnglists
                0x000001e4       0x3f CMakeFiles/STM32f103_Demo.elf.dir/Drivers/STM32F1xx_HAL_Driver/Src/stm32f1xx_hal_gpio.c.obj
 .debug_rnglists
                0x00000223       0x7d CMakeFiles/STM32f103_Demo.elf.dir/Drivers/STM32F1xx_HAL_Driver/Src/stm32f1xx_hal_rcc.c.obj
 .debug_rnglists
                0x000002a0       0x77 CMakeFiles/STM32f103_Demo.elf.dir/Hardware/lcd.c.obj
 .debug_rnglists
                0x00000317       0x32 CMakeFiles/STM32f103_Demo.elf.dir/Hardware/lcd_init.c.obj
 .debug_rnglists
                0x00000349      0x1a6 CMakeFiles/STM32f103_Demo.elf.dir/Middlewares/Third_Party/FreeRTOS/Source/CMSIS_RTOS_V2/cmsis_os2.c.obj
 .debug_rnglists
                0x000004ef       0x2b CMakeFiles/STM32f103_Demo.elf.dir/Middlewares/Third_Party/FreeRTOS/Source/list.c.obj
 .debug_rnglists
                0x0000051a       0x56 CMakeFiles/STM32f103_Demo.elf.dir/Middlewares/Third_Party/FreeRTOS/Source/portable/GCC/ARM_CM3/port.c.obj
 .debug_rnglists
                0x00000570       0x38 CMakeFiles/STM32f103_Demo.elf.dir/Middlewares/Third_Party/FreeRTOS/Source/portable/MemMang/heap_4.c.obj
 .debug_rnglists
                0x000005a8      0x170 CMakeFiles/STM32f103_Demo.elf.dir/Middlewares/Third_Party/FreeRTOS/Source/queue.c.obj
 .debug_rnglists
                0x00000718      0x22a CMakeFiles/STM32f103_Demo.elf.dir/Middlewares/Third_Party/FreeRTOS/Source/tasks.c.obj
 .debug_rnglists
                0x00000942       0xa4 CMakeFiles/STM32f103_Demo.elf.dir/Middlewares/Third_Party/FreeRTOS/Source/timers.c.obj
 .debug_rnglists
                0x000009e6       0x13 d:/programdata/gcc-arm-11.2-2022.02-mingw-w64-i686-arm-none-eabi/bin/../lib/gcc/arm-none-eabi/11.2.1/thumb/v7-m/nofp\libg.a(lib_a-init.o)
 .debug_rnglists
                0x000009f9       0x14 d:/programdata/gcc-arm-11.2-2022.02-mingw-w64-i686-arm-none-eabi/bin/../lib/gcc/arm-none-eabi/11.2.1/thumb/v7-m/nofp\libg.a(lib_a-memset.o)

.debug_line     0x00000000     0xda9e
 .debug_line    0x00000000      0x556 CMakeFiles/STM32f103_Demo.elf.dir/Core/Src/main.c.obj
 .debug_line    0x00000556      0x22a CMakeFiles/STM32f103_Demo.elf.dir/Core/Src/stm32f1xx_hal_msp.c.obj
 .debug_line    0x00000780      0x2c5 CMakeFiles/STM32f103_Demo.elf.dir/Core/Src/stm32f1xx_it.c.obj
 .debug_line    0x00000a45      0x292 CMakeFiles/STM32f103_Demo.elf.dir/Core/Src/system_stm32f1xx.c.obj
 .debug_line    0x00000cd7       0x79 CMakeFiles/STM32f103_Demo.elf.dir/Core/Startup/startup_stm32f103rctx.s.obj
 .debug_line    0x00000d50      0x5c6 CMakeFiles/STM32f103_Demo.elf.dir/Drivers/STM32F1xx_HAL_Driver/Src/stm32f1xx_hal.c.obj
 .debug_line    0x00001316      0x6aa CMakeFiles/STM32f103_Demo.elf.dir/Drivers/STM32F1xx_HAL_Driver/Src/stm32f1xx_hal_cortex.c.obj
 .debug_line    0x000019c0      0x661 CMakeFiles/STM32f103_Demo.elf.dir/Drivers/STM32F1xx_HAL_Driver/Src/stm32f1xx_hal_gpio.c.obj
 .debug_line    0x00002021      0xc96 CMakeFiles/STM32f103_Demo.elf.dir/Drivers/STM32F1xx_HAL_Driver/Src/stm32f1xx_hal_rcc.c.obj
 .debug_line    0x00002cb7      0xc24 CMakeFiles/STM32f103_Demo.elf.dir/Hardware/lcd.c.obj
 .debug_line    0x000038db      0x3c6 CMakeFiles/STM32f103_Demo.elf.dir/Hardware/lcd_init.c.obj
 .debug_line    0x00003ca1     0x2e68 CMakeFiles/STM32f103_Demo.elf.dir/Middlewares/Third_Party/FreeRTOS/Source/CMSIS_RTOS_V2/cmsis_os2.c.obj
 .debug_line    0x00006b09      0x3e6 CMakeFiles/STM32f103_Demo.elf.dir/Middlewares/Third_Party/FreeRTOS/Source/list.c.obj
 .debug_line    0x00006eef      0x666 CMakeFiles/STM32f103_Demo.elf.dir/Middlewares/Third_Party/FreeRTOS/Source/portable/GCC/ARM_CM3/port.c.obj
 .debug_line    0x00007555      0x6de CMakeFiles/STM32f103_Demo.elf.dir/Middlewares/Third_Party/FreeRTOS/Source/portable/MemMang/heap_4.c.obj
 .debug_line    0x00007c33     0x1fd8 CMakeFiles/STM32f103_Demo.elf.dir/Middlewares/Third_Party/FreeRTOS/Source/queue.c.obj
 .debug_line    0x00009c0b     0x2b69 CMakeFiles/STM32f103_Demo.elf.dir/Middlewares/Third_Party/FreeRTOS/Source/tasks.c.obj
 .debug_line    0x0000c774      0xe20 CMakeFiles/STM32f103_Demo.elf.dir/Middlewares/Third_Party/FreeRTOS/Source/timers.c.obj
 .debug_line    0x0000d594       0x58 CMakeFiles/STM32f103_Demo.elf.dir/Picture/leimu_2.c.obj
 .debug_line    0x0000d5ec       0x58 CMakeFiles/STM32f103_Demo.elf.dir/Picture/leimu_3.c.obj
 .debug_line    0x0000d644      0x185 d:/programdata/gcc-arm-11.2-2022.02-mingw-w64-i686-arm-none-eabi/bin/../lib/gcc/arm-none-eabi/11.2.1/thumb/v7-m/nofp\libg.a(lib_a-init.o)
 .debug_line    0x0000d7c9       0x98 d:/programdata/gcc-arm-11.2-2022.02-mingw-w64-i686-arm-none-eabi/bin/../lib/gcc/arm-none-eabi/11.2.1/thumb/v7-m/nofp\libg.a(lib_a-memcpy.o)
 .debug_line    0x0000d861      0x23d d:/programdata/gcc-arm-11.2-2022.02-mingw-w64-i686-arm-none-eabi/bin/../lib/gcc/arm-none-eabi/11.2.1/thumb/v7-m/nofp\libg.a(lib_a-memset.o)

.debug_str      0x00000000     0x4bf0
 .debug_str     0x00000000      0x9ed CMakeFiles/STM32f103_Demo.elf.dir/Core/Src/main.c.obj
                                0xa4c (size before relaxing)
 .debug_str     0x000009ed      0x455 CMakeFiles/STM32f103_Demo.elf.dir/Core/Src/stm32f1xx_hal_msp.c.obj
                                0x631 (size before relaxing)
 .debug_str     0x00000e42       0xea CMakeFiles/STM32f103_Demo.elf.dir/Core/Src/stm32f1xx_it.c.obj
                                0x27c (size before relaxing)
 .debug_str     0x00000f2c       0xa1 CMakeFiles/STM32f103_Demo.elf.dir/Core/Src/system_stm32f1xx.c.obj
                                0x28e (size before relaxing)
 .debug_str     0x00000fcd       0x24 CMakeFiles/STM32f103_Demo.elf.dir/Core/Startup/startup_stm32f103rctx.s.obj
                                 0x5c (size before relaxing)
 .debug_str     0x00000ff1      0x31f CMakeFiles/STM32f103_Demo.elf.dir/Drivers/STM32F1xx_HAL_Driver/Src/stm32f1xx_hal.c.obj
                                0x94c (size before relaxing)
 .debug_str     0x00001310      0x3d5 CMakeFiles/STM32f103_Demo.elf.dir/Drivers/STM32F1xx_HAL_Driver/Src/stm32f1xx_hal_cortex.c.obj
                                0x9f1 (size before relaxing)
 .debug_str     0x000016e5      0x13f CMakeFiles/STM32f103_Demo.elf.dir/Drivers/STM32F1xx_HAL_Driver/Src/stm32f1xx_hal_gpio.c.obj
                                0x43a (size before relaxing)
 .debug_str     0x00001824      0x217 CMakeFiles/STM32f103_Demo.elf.dir/Drivers/STM32F1xx_HAL_Driver/Src/stm32f1xx_hal_rcc.c.obj
                                0x665 (size before relaxing)
 .debug_str     0x00001a3b      0x269 CMakeFiles/STM32f103_Demo.elf.dir/Hardware/lcd.c.obj
                                0x454 (size before relaxing)
 .debug_str     0x00001ca4       0x52 CMakeFiles/STM32f103_Demo.elf.dir/Hardware/lcd_init.c.obj
                                0x2f4 (size before relaxing)
 .debug_str     0x00001cf6     0x11f2 CMakeFiles/STM32f103_Demo.elf.dir/Middlewares/Third_Party/FreeRTOS/Source/CMSIS_RTOS_V2/cmsis_os2.c.obj
                               0x198b (size before relaxing)
 .debug_str     0x00002ee8      0x15c CMakeFiles/STM32f103_Demo.elf.dir/Middlewares/Third_Party/FreeRTOS/Source/list.c.obj
                                0x32f (size before relaxing)
 .debug_str     0x00003044      0x253 CMakeFiles/STM32f103_Demo.elf.dir/Middlewares/Third_Party/FreeRTOS/Source/portable/GCC/ARM_CM3/port.c.obj
                                0x49f (size before relaxing)
 .debug_str     0x00003297      0x204 CMakeFiles/STM32f103_Demo.elf.dir/Middlewares/Third_Party/FreeRTOS/Source/portable/MemMang/heap_4.c.obj
                                0x423 (size before relaxing)
 .debug_str     0x0000349b      0x5fe CMakeFiles/STM32f103_Demo.elf.dir/Middlewares/Third_Party/FreeRTOS/Source/queue.c.obj
                                0xcba (size before relaxing)
 .debug_str     0x00003a99      0x8aa CMakeFiles/STM32f103_Demo.elf.dir/Middlewares/Third_Party/FreeRTOS/Source/tasks.c.obj
                               0x12a9 (size before relaxing)
 .debug_str     0x00004343      0x4e9 CMakeFiles/STM32f103_Demo.elf.dir/Middlewares/Third_Party/FreeRTOS/Source/timers.c.obj
                                0xc2f (size before relaxing)
 .debug_str     0x0000482c       0x38 CMakeFiles/STM32f103_Demo.elf.dir/Picture/leimu_2.c.obj
                                0x154 (size before relaxing)
 .debug_str     0x00004864       0x38 CMakeFiles/STM32f103_Demo.elf.dir/Picture/leimu_3.c.obj
                                0x154 (size before relaxing)
 .debug_str     0x0000489c      0x1c8 d:/programdata/gcc-arm-11.2-2022.02-mingw-w64-i686-arm-none-eabi/bin/../lib/gcc/arm-none-eabi/11.2.1/thumb/v7-m/nofp\libg.a(lib_a-init.o)
                                0x26a (size before relaxing)
 .debug_str     0x00004a64       0x99 d:/programdata/gcc-arm-11.2-2022.02-mingw-w64-i686-arm-none-eabi/bin/../lib/gcc/arm-none-eabi/11.2.1/thumb/v7-m/nofp\libg.a(lib_a-memcpy.o)
                                 0xa5 (size before relaxing)
 .debug_str     0x00004afd       0xf3 d:/programdata/gcc-arm-11.2-2022.02-mingw-w64-i686-arm-none-eabi/bin/../lib/gcc/arm-none-eabi/11.2.1/thumb/v7-m/nofp\libg.a(lib_a-memset.o)
                                0x21f (size before relaxing)

.debug_frame    0x00000000     0x219c
 .debug_frame   0x00000000       0xa0 CMakeFiles/STM32f103_Demo.elf.dir/Core/Src/main.c.obj
 .debug_frame   0x000000a0       0x2c CMakeFiles/STM32f103_Demo.elf.dir/Core/Src/stm32f1xx_hal_msp.c.obj
 .debug_frame   0x000000cc       0x88 CMakeFiles/STM32f103_Demo.elf.dir/Core/Src/stm32f1xx_it.c.obj
 .debug_frame   0x00000154       0x30 CMakeFiles/STM32f103_Demo.elf.dir/Core/Src/system_stm32f1xx.c.obj
 .debug_frame   0x00000184      0x1cc CMakeFiles/STM32f103_Demo.elf.dir/Drivers/STM32F1xx_HAL_Driver/Src/stm32f1xx_hal.c.obj
 .debug_frame   0x00000350      0x118 CMakeFiles/STM32f103_Demo.elf.dir/Drivers/STM32F1xx_HAL_Driver/Src/stm32f1xx_hal_cortex.c.obj
 .debug_frame   0x00000468       0xe4 CMakeFiles/STM32f103_Demo.elf.dir/Drivers/STM32F1xx_HAL_Driver/Src/stm32f1xx_hal_gpio.c.obj
 .debug_frame   0x0000054c      0x190 CMakeFiles/STM32f103_Demo.elf.dir/Drivers/STM32F1xx_HAL_Driver/Src/stm32f1xx_hal_rcc.c.obj
 .debug_frame   0x000006dc      0x28c CMakeFiles/STM32f103_Demo.elf.dir/Hardware/lcd.c.obj
 .debug_frame   0x00000968       0xb4 CMakeFiles/STM32f103_Demo.elf.dir/Hardware/lcd_init.c.obj
 .debug_frame   0x00000a1c      0x79c CMakeFiles/STM32f103_Demo.elf.dir/Middlewares/Third_Party/FreeRTOS/Source/CMSIS_RTOS_V2/cmsis_os2.c.obj
 .debug_frame   0x000011b8       0x70 CMakeFiles/STM32f103_Demo.elf.dir/Middlewares/Third_Party/FreeRTOS/Source/list.c.obj
 .debug_frame   0x00001228       0xf0 CMakeFiles/STM32f103_Demo.elf.dir/Middlewares/Third_Party/FreeRTOS/Source/portable/GCC/ARM_CM3/port.c.obj
 .debug_frame   0x00001318       0xb0 CMakeFiles/STM32f103_Demo.elf.dir/Middlewares/Third_Party/FreeRTOS/Source/portable/MemMang/heap_4.c.obj
 .debug_frame   0x000013c8      0x458 CMakeFiles/STM32f103_Demo.elf.dir/Middlewares/Third_Party/FreeRTOS/Source/queue.c.obj
 .debug_frame   0x00001820      0x660 CMakeFiles/STM32f103_Demo.elf.dir/Middlewares/Third_Party/FreeRTOS/Source/tasks.c.obj
 .debug_frame   0x00001e80      0x2c4 CMakeFiles/STM32f103_Demo.elf.dir/Middlewares/Third_Party/FreeRTOS/Source/timers.c.obj
 .debug_frame   0x00002144       0x2c d:/programdata/gcc-arm-11.2-2022.02-mingw-w64-i686-arm-none-eabi/bin/../lib/gcc/arm-none-eabi/11.2.1/thumb/v7-m/nofp\libg.a(lib_a-init.o)
 .debug_frame   0x00002170       0x2c d:/programdata/gcc-arm-11.2-2022.02-mingw-w64-i686-arm-none-eabi/bin/../lib/gcc/arm-none-eabi/11.2.1/thumb/v7-m/nofp\libg.a(lib_a-memset.o)

.debug_line_str
                0x00000000       0xb2
 .debug_line_str
                0x00000000       0x4b CMakeFiles/STM32f103_Demo.elf.dir/Core/Startup/startup_stm32f103rctx.s.obj
                                 0x96 (size before relaxing)
 .debug_line_str
                0x0000004b       0x67 d:/programdata/gcc-arm-11.2-2022.02-mingw-w64-i686-arm-none-eabi/bin/../lib/gcc/arm-none-eabi/11.2.1/thumb/v7-m/nofp\libg.a(lib_a-memcpy.o)
                                 0xce (size before relaxing)
